<?xml version="1.0" encoding="ISO-8859-1" ?>
<link_info>
   <banner>TI ARM Clang Linker Unix v4.0.1.LTS</banner>
   <copyright>Copyright (c) 1996-2018 Texas Instruments Incorporated</copyright>
   <command_line>/Applications/ti/ccs2000/ccs/tools/compiler/ti-cgt-armllvm_4.0.1.LTS/bin/tiarmlnk -I/Applications/ti/ccs2000/ccs/tools/compiler/ti-cgt-armllvm_4.0.1.LTS/lib -o ECE319K_Lab4.out -mECE319K_Lab4.map --heap_size=512 --stack_size=512 -i/Users/krishchaudhary/Downloads/MSPM0_ValvanoWare/ECE319K_Lab4/Debug/syscfg -i/Applications/ti/ccs2000/ccs/tools/compiler/ti-cgt-armllvm_4.0.1.LTS/lib --diag_wrap=off --display_error_number --warn_sections --xml_link_info=ECE319K_Lab4_linkInfo.xml --rom_model ./Clock.o ./Dump.o ./ECE319K_Lab4Grader.o ./ECE319K_Lab4main.o ./FIFO.o ./LaunchPad.o ./Timer.o ./UART.o ./UARTints.o ./ticlang/startup_mspm0g3507_ticlang.o ../mspm0g3507.cmd -l/Applications/ti/mspm0_sdk_2_03_00_07/source/ti/driverlib/lib/ticlang/m0p/mspm0g1x0x_g3x0x/driverlib.a -llibc.a --start-group -llibc++.a -llibc++abi.a -llibc.a -llibsys.a -llibsysbm.a -llibclang_rt.builtins.a -llibclang_rt.profile.a --end-group --cg_opt_level=0</command_line>
   <link_time>0x67be7f4d</link_time>
   <link_errors>0x0</link_errors>
   <output_file>/Users/krishchaudhary/Downloads/MSPM0_ValvanoWare/ECE319K_Lab4/Debug/ECE319K_Lab4.out</output_file>
   <entry_point>
      <name>_c_int00_noargs</name>
      <address>0xf1d</address>
   </entry_point>
   <input_file_list>
      <input_file id="fl-1">
         <path>/Users/krishchaudhary/Downloads/MSPM0_ValvanoWare/ECE319K_Lab4/Debug/./</path>
         <kind>object</kind>
         <file>Clock.o</file>
         <name>Clock.o</name>
      </input_file>
      <input_file id="fl-2">
         <path>/Users/krishchaudhary/Downloads/MSPM0_ValvanoWare/ECE319K_Lab4/Debug/./</path>
         <kind>object</kind>
         <file>Dump.o</file>
         <name>Dump.o</name>
      </input_file>
      <input_file id="fl-3">
         <path>/Users/krishchaudhary/Downloads/MSPM0_ValvanoWare/ECE319K_Lab4/Debug/./</path>
         <kind>object</kind>
         <file>ECE319K_Lab4Grader.o</file>
         <name>ECE319K_Lab4Grader.o</name>
      </input_file>
      <input_file id="fl-4">
         <path>/Users/krishchaudhary/Downloads/MSPM0_ValvanoWare/ECE319K_Lab4/Debug/./</path>
         <kind>object</kind>
         <file>ECE319K_Lab4main.o</file>
         <name>ECE319K_Lab4main.o</name>
      </input_file>
      <input_file id="fl-5">
         <path>/Users/krishchaudhary/Downloads/MSPM0_ValvanoWare/ECE319K_Lab4/Debug/./</path>
         <kind>object</kind>
         <file>FIFO.o</file>
         <name>FIFO.o</name>
      </input_file>
      <input_file id="fl-6">
         <path>/Users/krishchaudhary/Downloads/MSPM0_ValvanoWare/ECE319K_Lab4/Debug/./</path>
         <kind>object</kind>
         <file>LaunchPad.o</file>
         <name>LaunchPad.o</name>
      </input_file>
      <input_file id="fl-7">
         <path>/Users/krishchaudhary/Downloads/MSPM0_ValvanoWare/ECE319K_Lab4/Debug/./</path>
         <kind>object</kind>
         <file>Timer.o</file>
         <name>Timer.o</name>
      </input_file>
      <input_file id="fl-8">
         <path>/Users/krishchaudhary/Downloads/MSPM0_ValvanoWare/ECE319K_Lab4/Debug/./</path>
         <kind>object</kind>
         <file>UART.o</file>
         <name>UART.o</name>
      </input_file>
      <input_file id="fl-9">
         <path>/Users/krishchaudhary/Downloads/MSPM0_ValvanoWare/ECE319K_Lab4/Debug/./</path>
         <kind>object</kind>
         <file>UARTints.o</file>
         <name>UARTints.o</name>
      </input_file>
      <input_file id="fl-a">
         <path>/Users/krishchaudhary/Downloads/MSPM0_ValvanoWare/ECE319K_Lab4/Debug/./ticlang/</path>
         <kind>object</kind>
         <file>startup_mspm0g3507_ticlang.o</file>
         <name>startup_mspm0g3507_ticlang.o</name>
      </input_file>
      <input_file id="fl-16">
         <path>/Users/krishchaudhary/Downloads/MSPM0_ValvanoWare/ECE319K_Lab4/Debug/</path>
         <kind>object</kind>
         <file>&lt;internal&gt;</file>
         <name>&lt;internal&gt;</name>
      </input_file>
      <input_file id="fl-2b">
         <path>/Applications/ti/ccs2000/ccs/tools/compiler/ti-cgt-armllvm_4.0.1.LTS/lib/armv6m-ti-none-eabi/c/</path>
         <kind>archive</kind>
         <file>libc.a</file>
         <name>fopen.c.obj</name>
      </input_file>
      <input_file id="fl-2c">
         <path>/Applications/ti/ccs2000/ccs/tools/compiler/ti-cgt-armllvm_4.0.1.LTS/lib/armv6m-ti-none-eabi/c/</path>
         <kind>archive</kind>
         <file>libc.a</file>
         <name>setvbuf.c.obj</name>
      </input_file>
      <input_file id="fl-2d">
         <path>/Applications/ti/ccs2000/ccs/tools/compiler/ti-cgt-armllvm_4.0.1.LTS/lib/armv6m-ti-none-eabi/c/</path>
         <kind>archive</kind>
         <file>libc.a</file>
         <name>strcmp-armv6m.S.obj</name>
      </input_file>
      <input_file id="fl-2e">
         <path>/Applications/ti/ccs2000/ccs/tools/compiler/ti-cgt-armllvm_4.0.1.LTS/lib/armv6m-ti-none-eabi/c/</path>
         <kind>archive</kind>
         <file>libc.a</file>
         <name>aeabi_portable.c.obj</name>
      </input_file>
      <input_file id="fl-2f">
         <path>/Applications/ti/ccs2000/ccs/tools/compiler/ti-cgt-armllvm_4.0.1.LTS/lib/armv6m-ti-none-eabi/c/</path>
         <kind>archive</kind>
         <file>libc.a</file>
         <name>exit.c.obj</name>
      </input_file>
      <input_file id="fl-30">
         <path>/Applications/ti/ccs2000/ccs/tools/compiler/ti-cgt-armllvm_4.0.1.LTS/lib/armv6m-ti-none-eabi/c/</path>
         <kind>archive</kind>
         <file>libc.a</file>
         <name>_lock.c.obj</name>
      </input_file>
      <input_file id="fl-31">
         <path>/Applications/ti/ccs2000/ccs/tools/compiler/ti-cgt-armllvm_4.0.1.LTS/lib/armv6m-ti-none-eabi/c/</path>
         <kind>archive</kind>
         <file>libc.a</file>
         <name>assert.c.obj</name>
      </input_file>
      <input_file id="fl-32">
         <path>/Applications/ti/ccs2000/ccs/tools/compiler/ti-cgt-armllvm_4.0.1.LTS/lib/armv6m-ti-none-eabi/c/</path>
         <kind>archive</kind>
         <file>libc.a</file>
         <name>defs.c.obj</name>
      </input_file>
      <input_file id="fl-33">
         <path>/Applications/ti/ccs2000/ccs/tools/compiler/ti-cgt-armllvm_4.0.1.LTS/lib/armv6m-ti-none-eabi/c/</path>
         <kind>archive</kind>
         <file>libc.a</file>
         <name>memory.c.obj</name>
      </input_file>
      <input_file id="fl-34">
         <path>/Applications/ti/ccs2000/ccs/tools/compiler/ti-cgt-armllvm_4.0.1.LTS/lib/armv6m-ti-none-eabi/c/</path>
         <kind>archive</kind>
         <file>libc.a</file>
         <name>copy_zero_init.c.obj</name>
      </input_file>
      <input_file id="fl-35">
         <path>/Applications/ti/ccs2000/ccs/tools/compiler/ti-cgt-armllvm_4.0.1.LTS/lib/armv6m-ti-none-eabi/c/</path>
         <kind>archive</kind>
         <file>libc.a</file>
         <name>copy_decompress_none.c.obj</name>
      </input_file>
      <input_file id="fl-36">
         <path>/Applications/ti/ccs2000/ccs/tools/compiler/ti-cgt-armllvm_4.0.1.LTS/lib/armv6m-ti-none-eabi/c/</path>
         <kind>archive</kind>
         <file>libc.a</file>
         <name>copy_decompress_lzss.c.obj</name>
      </input_file>
      <input_file id="fl-37">
         <path>/Applications/ti/ccs2000/ccs/tools/compiler/ti-cgt-armllvm_4.0.1.LTS/lib/armv6m-ti-none-eabi/c/</path>
         <kind>archive</kind>
         <file>libc.a</file>
         <name>boot_cortex_m.c.obj</name>
      </input_file>
      <input_file id="fl-38">
         <path>/Applications/ti/ccs2000/ccs/tools/compiler/ti-cgt-armllvm_4.0.1.LTS/lib/armv6m-ti-none-eabi/c/</path>
         <kind>archive</kind>
         <file>libc.a</file>
         <name>mathacl_init.c.obj</name>
      </input_file>
      <input_file id="fl-39">
         <path>/Applications/ti/ccs2000/ccs/tools/compiler/ti-cgt-armllvm_4.0.1.LTS/lib/armv6m-ti-none-eabi/c/</path>
         <kind>archive</kind>
         <file>libc.a</file>
         <name>sprintf.c.obj</name>
      </input_file>
      <input_file id="fl-3a">
         <path>/Applications/ti/ccs2000/ccs/tools/compiler/ti-cgt-armllvm_4.0.1.LTS/lib/armv6m-ti-none-eabi/c/</path>
         <kind>archive</kind>
         <file>libc.a</file>
         <name>fclose.c.obj</name>
      </input_file>
      <input_file id="fl-3b">
         <path>/Applications/ti/ccs2000/ccs/tools/compiler/ti-cgt-armllvm_4.0.1.LTS/lib/armv6m-ti-none-eabi/c/</path>
         <kind>archive</kind>
         <file>libc.a</file>
         <name>fflush.c.obj</name>
      </input_file>
      <input_file id="fl-3c">
         <path>/Applications/ti/ccs2000/ccs/tools/compiler/ti-cgt-armllvm_4.0.1.LTS/lib/armv6m-ti-none-eabi/c/</path>
         <kind>archive</kind>
         <file>libc.a</file>
         <name>fputs.c.obj</name>
      </input_file>
      <input_file id="fl-3d">
         <path>/Applications/ti/ccs2000/ccs/tools/compiler/ti-cgt-armllvm_4.0.1.LTS/lib/armv6m-ti-none-eabi/c/</path>
         <kind>archive</kind>
         <file>libc.a</file>
         <name>_io_perm.c.obj</name>
      </input_file>
      <input_file id="fl-3e">
         <path>/Applications/ti/ccs2000/ccs/tools/compiler/ti-cgt-armllvm_4.0.1.LTS/lib/armv6m-ti-none-eabi/c/</path>
         <kind>archive</kind>
         <file>libc.a</file>
         <name>args_main.c.obj</name>
      </input_file>
      <input_file id="fl-3f">
         <path>/Applications/ti/ccs2000/ccs/tools/compiler/ti-cgt-armllvm_4.0.1.LTS/lib/armv6m-ti-none-eabi/c/</path>
         <kind>archive</kind>
         <file>libc.a</file>
         <name>autoinit.c.obj</name>
      </input_file>
      <input_file id="fl-40">
         <path>/Applications/ti/ccs2000/ccs/tools/compiler/ti-cgt-armllvm_4.0.1.LTS/lib/armv6m-ti-none-eabi/c/</path>
         <kind>archive</kind>
         <file>libc.a</file>
         <name>pre_init.c.obj</name>
      </input_file>
      <input_file id="fl-41">
         <path>/Applications/ti/ccs2000/ccs/tools/compiler/ti-cgt-armllvm_4.0.1.LTS/lib/armv6m-ti-none-eabi/c/</path>
         <kind>archive</kind>
         <file>libc.a</file>
         <name>cpy_tbl.c.obj</name>
      </input_file>
      <input_file id="fl-42">
         <path>/Applications/ti/ccs2000/ccs/tools/compiler/ti-cgt-armllvm_4.0.1.LTS/lib/armv6m-ti-none-eabi/c/</path>
         <kind>archive</kind>
         <file>libc.a</file>
         <name>_printfi.c.obj</name>
      </input_file>
      <input_file id="fl-43">
         <path>/Applications/ti/ccs2000/ccs/tools/compiler/ti-cgt-armllvm_4.0.1.LTS/lib/armv6m-ti-none-eabi/c/</path>
         <kind>archive</kind>
         <file>libc.a</file>
         <name>fseek.c.obj</name>
      </input_file>
      <input_file id="fl-44">
         <path>/Applications/ti/ccs2000/ccs/tools/compiler/ti-cgt-armllvm_4.0.1.LTS/lib/armv6m-ti-none-eabi/c/</path>
         <kind>archive</kind>
         <file>libc.a</file>
         <name>s_frexp.c.obj</name>
      </input_file>
      <input_file id="fl-45">
         <path>/Applications/ti/ccs2000/ccs/tools/compiler/ti-cgt-armllvm_4.0.1.LTS/lib/armv6m-ti-none-eabi/c/</path>
         <kind>archive</kind>
         <file>libc.a</file>
         <name>s_scalbn.c.obj</name>
      </input_file>
      <input_file id="fl-46">
         <path>/Applications/ti/ccs2000/ccs/tools/compiler/ti-cgt-armllvm_4.0.1.LTS/lib/armv6m-ti-none-eabi/c/</path>
         <kind>archive</kind>
         <file>libc.a</file>
         <name>_ltoa.c.obj</name>
      </input_file>
      <input_file id="fl-47">
         <path>/Applications/ti/ccs2000/ccs/tools/compiler/ti-cgt-armllvm_4.0.1.LTS/lib/armv6m-ti-none-eabi/c/</path>
         <kind>archive</kind>
         <file>libc.a</file>
         <name>atoi.c.obj</name>
      </input_file>
      <input_file id="fl-48">
         <path>/Applications/ti/ccs2000/ccs/tools/compiler/ti-cgt-armllvm_4.0.1.LTS/lib/armv6m-ti-none-eabi/c/</path>
         <kind>archive</kind>
         <file>libc.a</file>
         <name>memccpy.c.obj</name>
      </input_file>
      <input_file id="fl-49">
         <path>/Applications/ti/ccs2000/ccs/tools/compiler/ti-cgt-armllvm_4.0.1.LTS/lib/armv6m-ti-none-eabi/c/</path>
         <kind>archive</kind>
         <file>libc.a</file>
         <name>wcslen.c.obj</name>
      </input_file>
      <input_file id="fl-4a">
         <path>/Applications/ti/ccs2000/ccs/tools/compiler/ti-cgt-armllvm_4.0.1.LTS/lib/armv6m-ti-none-eabi/c/</path>
         <kind>archive</kind>
         <file>libc.a</file>
         <name>aeabi_ctype.S.obj</name>
      </input_file>
      <input_file id="fl-e0">
         <path>/Applications/ti/ccs2000/ccs/tools/compiler/ti-cgt-armllvm_4.0.1.LTS/lib/armv6m-ti-none-eabi/c/</path>
         <kind>archive</kind>
         <file>libsysbm.a</file>
         <name>write.c.obj</name>
      </input_file>
      <input_file id="fl-e1">
         <path>/Applications/ti/ccs2000/ccs/tools/compiler/ti-cgt-armllvm_4.0.1.LTS/lib/armv6m-ti-none-eabi/c/</path>
         <kind>archive</kind>
         <file>libsysbm.a</file>
         <name>host_device.c.obj</name>
      </input_file>
      <input_file id="fl-e2">
         <path>/Applications/ti/ccs2000/ccs/tools/compiler/ti-cgt-armllvm_4.0.1.LTS/lib/armv6m-ti-none-eabi/c/</path>
         <kind>archive</kind>
         <file>libsysbm.a</file>
         <name>remove.c.obj</name>
      </input_file>
      <input_file id="fl-e3">
         <path>/Applications/ti/ccs2000/ccs/tools/compiler/ti-cgt-armllvm_4.0.1.LTS/lib/armv6m-ti-none-eabi/c/</path>
         <kind>archive</kind>
         <file>libsysbm.a</file>
         <name>open.c.obj</name>
      </input_file>
      <input_file id="fl-e4">
         <path>/Applications/ti/ccs2000/ccs/tools/compiler/ti-cgt-armllvm_4.0.1.LTS/lib/armv6m-ti-none-eabi/c/</path>
         <kind>archive</kind>
         <file>libsysbm.a</file>
         <name>lseek.c.obj</name>
      </input_file>
      <input_file id="fl-e5">
         <path>/Applications/ti/ccs2000/ccs/tools/compiler/ti-cgt-armllvm_4.0.1.LTS/lib/armv6m-ti-none-eabi/c/</path>
         <kind>archive</kind>
         <file>libsysbm.a</file>
         <name>close.c.obj</name>
      </input_file>
      <input_file id="fl-e6">
         <path>/Applications/ti/ccs2000/ccs/tools/compiler/ti-cgt-armllvm_4.0.1.LTS/lib/armv6m-ti-none-eabi/c/</path>
         <kind>archive</kind>
         <file>libsysbm.a</file>
         <name>add_device.c.obj</name>
      </input_file>
      <input_file id="fl-e7">
         <path>/Applications/ti/ccs2000/ccs/tools/compiler/ti-cgt-armllvm_4.0.1.LTS/lib/armv6m-ti-none-eabi/c/</path>
         <kind>archive</kind>
         <file>libsysbm.a</file>
         <name>unlink.c.obj</name>
      </input_file>
      <input_file id="fl-e8">
         <path>/Applications/ti/ccs2000/ccs/tools/compiler/ti-cgt-armllvm_4.0.1.LTS/lib/armv6m-ti-none-eabi/c/</path>
         <kind>archive</kind>
         <file>libsysbm.a</file>
         <name>hostclose.c.obj</name>
      </input_file>
      <input_file id="fl-e9">
         <path>/Applications/ti/ccs2000/ccs/tools/compiler/ti-cgt-armllvm_4.0.1.LTS/lib/armv6m-ti-none-eabi/c/</path>
         <kind>archive</kind>
         <file>libsysbm.a</file>
         <name>hostlseek.c.obj</name>
      </input_file>
      <input_file id="fl-ea">
         <path>/Applications/ti/ccs2000/ccs/tools/compiler/ti-cgt-armllvm_4.0.1.LTS/lib/armv6m-ti-none-eabi/c/</path>
         <kind>archive</kind>
         <file>libsysbm.a</file>
         <name>hostopen.c.obj</name>
      </input_file>
      <input_file id="fl-eb">
         <path>/Applications/ti/ccs2000/ccs/tools/compiler/ti-cgt-armllvm_4.0.1.LTS/lib/armv6m-ti-none-eabi/c/</path>
         <kind>archive</kind>
         <file>libsysbm.a</file>
         <name>hostread.c.obj</name>
      </input_file>
      <input_file id="fl-ec">
         <path>/Applications/ti/ccs2000/ccs/tools/compiler/ti-cgt-armllvm_4.0.1.LTS/lib/armv6m-ti-none-eabi/c/</path>
         <kind>archive</kind>
         <file>libsysbm.a</file>
         <name>hostrename.c.obj</name>
      </input_file>
      <input_file id="fl-ed">
         <path>/Applications/ti/ccs2000/ccs/tools/compiler/ti-cgt-armllvm_4.0.1.LTS/lib/armv6m-ti-none-eabi/c/</path>
         <kind>archive</kind>
         <file>libsysbm.a</file>
         <name>hostunlink.c.obj</name>
      </input_file>
      <input_file id="fl-ee">
         <path>/Applications/ti/ccs2000/ccs/tools/compiler/ti-cgt-armllvm_4.0.1.LTS/lib/armv6m-ti-none-eabi/c/</path>
         <kind>archive</kind>
         <file>libsysbm.a</file>
         <name>hostwrite.c.obj</name>
      </input_file>
      <input_file id="fl-ef">
         <path>/Applications/ti/ccs2000/ccs/tools/compiler/ti-cgt-armllvm_4.0.1.LTS/lib/armv6m-ti-none-eabi/c/</path>
         <kind>archive</kind>
         <file>libsysbm.a</file>
         <name>trgmsg.c.obj</name>
      </input_file>
      <input_file id="fl-f0">
         <path>/Applications/ti/ccs2000/ccs/tools/compiler/ti-cgt-armllvm_4.0.1.LTS/lib/armv6m-ti-none-eabi/</path>
         <kind>archive</kind>
         <file>libclang_rt.builtins.a</file>
         <name>adddf3.S.obj</name>
      </input_file>
      <input_file id="fl-f1">
         <path>/Applications/ti/ccs2000/ccs/tools/compiler/ti-cgt-armllvm_4.0.1.LTS/lib/armv6m-ti-none-eabi/</path>
         <kind>archive</kind>
         <file>libclang_rt.builtins.a</file>
         <name>muldf3.S.obj</name>
      </input_file>
      <input_file id="fl-f2">
         <path>/Applications/ti/ccs2000/ccs/tools/compiler/ti-cgt-armllvm_4.0.1.LTS/lib/armv6m-ti-none-eabi/</path>
         <kind>archive</kind>
         <file>libclang_rt.builtins.a</file>
         <name>muldsi3.S.obj</name>
      </input_file>
      <input_file id="fl-f3">
         <path>/Applications/ti/ccs2000/ccs/tools/compiler/ti-cgt-armllvm_4.0.1.LTS/lib/armv6m-ti-none-eabi/</path>
         <kind>archive</kind>
         <file>libclang_rt.builtins.a</file>
         <name>divdf3.S.obj</name>
      </input_file>
      <input_file id="fl-f4">
         <path>/Applications/ti/ccs2000/ccs/tools/compiler/ti-cgt-armllvm_4.0.1.LTS/lib/armv6m-ti-none-eabi/</path>
         <kind>archive</kind>
         <file>libclang_rt.builtins.a</file>
         <name>fixdfsi.S.obj</name>
      </input_file>
      <input_file id="fl-f5">
         <path>/Applications/ti/ccs2000/ccs/tools/compiler/ti-cgt-armllvm_4.0.1.LTS/lib/armv6m-ti-none-eabi/</path>
         <kind>archive</kind>
         <file>libclang_rt.builtins.a</file>
         <name>floatsidf.S.obj</name>
      </input_file>
      <input_file id="fl-f6">
         <path>/Applications/ti/ccs2000/ccs/tools/compiler/ti-cgt-armllvm_4.0.1.LTS/lib/armv6m-ti-none-eabi/</path>
         <kind>archive</kind>
         <file>libclang_rt.builtins.a</file>
         <name>muldi3.S.obj</name>
      </input_file>
      <input_file id="fl-f7">
         <path>/Applications/ti/ccs2000/ccs/tools/compiler/ti-cgt-armllvm_4.0.1.LTS/lib/armv6m-ti-none-eabi/</path>
         <kind>archive</kind>
         <file>libclang_rt.builtins.a</file>
         <name>aeabi_dcmp.S.obj</name>
      </input_file>
      <input_file id="fl-f8">
         <path>/Applications/ti/ccs2000/ccs/tools/compiler/ti-cgt-armllvm_4.0.1.LTS/lib/armv6m-ti-none-eabi/</path>
         <kind>archive</kind>
         <file>libclang_rt.builtins.a</file>
         <name>aeabi_idivmod.S.obj</name>
      </input_file>
      <input_file id="fl-f9">
         <path>/Applications/ti/ccs2000/ccs/tools/compiler/ti-cgt-armllvm_4.0.1.LTS/lib/armv6m-ti-none-eabi/</path>
         <kind>archive</kind>
         <file>libclang_rt.builtins.a</file>
         <name>aeabi_memcpy.S.obj</name>
      </input_file>
      <input_file id="fl-fa">
         <path>/Applications/ti/ccs2000/ccs/tools/compiler/ti-cgt-armllvm_4.0.1.LTS/lib/armv6m-ti-none-eabi/</path>
         <kind>archive</kind>
         <file>libclang_rt.builtins.a</file>
         <name>aeabi_memset.S.obj</name>
      </input_file>
      <input_file id="fl-fb">
         <path>/Applications/ti/ccs2000/ccs/tools/compiler/ti-cgt-armllvm_4.0.1.LTS/lib/armv6m-ti-none-eabi/</path>
         <kind>archive</kind>
         <file>libclang_rt.builtins.a</file>
         <name>aeabi_uidivmod.S.obj</name>
      </input_file>
      <input_file id="fl-fc">
         <path>/Applications/ti/ccs2000/ccs/tools/compiler/ti-cgt-armllvm_4.0.1.LTS/lib/armv6m-ti-none-eabi/</path>
         <kind>archive</kind>
         <file>libclang_rt.builtins.a</file>
         <name>aeabi_uldivmod.S.obj</name>
      </input_file>
      <input_file id="fl-fd">
         <path>/Applications/ti/ccs2000/ccs/tools/compiler/ti-cgt-armllvm_4.0.1.LTS/lib/armv6m-ti-none-eabi/</path>
         <kind>archive</kind>
         <file>libclang_rt.builtins.a</file>
         <name>udivmoddi4.S.obj</name>
      </input_file>
      <input_file id="fl-fe">
         <path>/Applications/ti/ccs2000/ccs/tools/compiler/ti-cgt-armllvm_4.0.1.LTS/lib/armv6m-ti-none-eabi/</path>
         <kind>archive</kind>
         <file>libclang_rt.builtins.a</file>
         <name>ashldi3.S.obj</name>
      </input_file>
      <input_file id="fl-ff">
         <path>/Applications/ti/ccs2000/ccs/tools/compiler/ti-cgt-armllvm_4.0.1.LTS/lib/armv6m-ti-none-eabi/</path>
         <kind>archive</kind>
         <file>libclang_rt.builtins.a</file>
         <name>comparedf2.c.obj</name>
      </input_file>
      <input_file id="fl-100">
         <path>/Applications/ti/ccs2000/ccs/tools/compiler/ti-cgt-armllvm_4.0.1.LTS/lib/armv6m-ti-none-eabi/</path>
         <kind>archive</kind>
         <file>libclang_rt.builtins.a</file>
         <name>aeabi_div0.c.obj</name>
      </input_file>
      <input_file id="fl-101">
         <path>/Applications/ti/ccs2000/ccs/tools/compiler/ti-cgt-armllvm_4.0.1.LTS/lib/armv6m-ti-none-eabi/c/</path>
         <kind>archive</kind>
         <file>libc.a</file>
         <name>getdevice.c.obj</name>
      </input_file>
      <input_file id="fl-102">
         <path>/Applications/ti/ccs2000/ccs/tools/compiler/ti-cgt-armllvm_4.0.1.LTS/lib/armv6m-ti-none-eabi/c/</path>
         <kind>archive</kind>
         <file>libc.a</file>
         <name>memcpy16.S.obj</name>
      </input_file>
      <input_file id="fl-103">
         <path>/Applications/ti/ccs2000/ccs/tools/compiler/ti-cgt-armllvm_4.0.1.LTS/lib/armv6m-ti-none-eabi/c/</path>
         <kind>archive</kind>
         <file>libc.a</file>
         <name>memset16.S.obj</name>
      </input_file>
   </input_file_list>
   <object_component_list>
      <object_component id="oc-18">
         <name>.intvecs</name>
         <load_address>0x0</load_address>
         <readonly>true</readonly>
         <run_address>0x0</run_address>
         <size>0xc0</size>
         <alignment>0x4</alignment>
         <input_file_ref idref="fl-a"/>
      </object_component>
      <object_component id="oc-3c">
         <name>.text.TIMG7_IRQHandler</name>
         <load_address>0xc0</load_address>
         <readonly>true</readonly>
         <executable>true</executable>
         <run_address>0xc0</run_address>
         <size>0x31c</size>
         <alignment>0x4</alignment>
         <input_file_ref idref="fl-3"/>
      </object_component>
      <object_component id="oc-d1">
         <name>.text.Clock_Init80MHz</name>
         <load_address>0x3dc</load_address>
         <readonly>true</readonly>
         <executable>true</executable>
         <run_address>0x3dc</run_address>
         <size>0x1b4</size>
         <alignment>0x4</alignment>
         <input_file_ref idref="fl-1"/>
      </object_component>
      <object_component id="oc-de">
         <name>.text.UART_Init</name>
         <load_address>0x590</load_address>
         <readonly>true</readonly>
         <executable>true</executable>
         <run_address>0x590</run_address>
         <size>0x130</size>
         <alignment>0x4</alignment>
         <input_file_ref idref="fl-9"/>
      </object_component>
      <object_component id="oc-a5">
         <name>.text.main</name>
         <load_address>0x6c0</load_address>
         <readonly>true</readonly>
         <executable>true</executable>
         <run_address>0x6c0</run_address>
         <size>0xb8</size>
         <alignment>0x4</alignment>
         <input_file_ref idref="fl-4"/>
      </object_component>
      <object_component id="oc-dd">
         <name>.text.Traffic_Init</name>
         <load_address>0x778</load_address>
         <readonly>true</readonly>
         <executable>true</executable>
         <run_address>0x778</run_address>
         <size>0xb0</size>
         <alignment>0x4</alignment>
         <input_file_ref idref="fl-4"/>
      </object_component>
      <object_component id="oc-d6">
         <name>.text.LaunchPad_Init</name>
         <load_address>0x828</load_address>
         <readonly>true</readonly>
         <executable>true</executable>
         <run_address>0x828</run_address>
         <size>0x7c</size>
         <alignment>0x4</alignment>
         <input_file_ref idref="fl-6"/>
      </object_component>
      <object_component id="oc-78">
         <name>.text.ReadSensor</name>
         <load_address>0x8a4</load_address>
         <readonly>true</readonly>
         <executable>true</executable>
         <run_address>0x8a4</run_address>
         <size>0x7c</size>
         <alignment>0x4</alignment>
         <input_file_ref idref="fl-3"/>
      </object_component>
      <object_component id="oc-1c">
         <name>.text:decompress:lzss</name>
         <load_address>0x920</load_address>
         <readonly>true</readonly>
         <executable>true</executable>
         <run_address>0x920</run_address>
         <size>0x7c</size>
         <alignment>0x4</alignment>
         <input_file_ref idref="fl-36"/>
      </object_component>
      <object_component id="oc-7c">
         <name>.text.GetState</name>
         <load_address>0x99c</load_address>
         <readonly>true</readonly>
         <executable>true</executable>
         <run_address>0x99c</run_address>
         <size>0x64</size>
         <alignment>0x4</alignment>
         <input_file_ref idref="fl-3"/>
      </object_component>
      <object_component id="oc-e4">
         <name>.text.Traffic_Out</name>
         <load_address>0xa00</load_address>
         <readonly>true</readonly>
         <executable>true</executable>
         <run_address>0xa00</run_address>
         <size>0x64</size>
         <alignment>0x4</alignment>
         <input_file_ref idref="fl-4"/>
      </object_component>
      <object_component id="oc-125">
         <name>.text.TimerG12_Init</name>
         <load_address>0xa64</load_address>
         <readonly>true</readonly>
         <executable>true</executable>
         <run_address>0xa64</run_address>
         <size>0x60</size>
         <alignment>0x4</alignment>
         <input_file_ref idref="fl-7"/>
      </object_component>
      <object_component id="oc-79">
         <name>.text.ReadSouth</name>
         <load_address>0xac4</load_address>
         <readonly>true</readonly>
         <executable>true</executable>
         <run_address>0xac4</run_address>
         <size>0x5c</size>
         <alignment>0x4</alignment>
         <input_file_ref idref="fl-3"/>
      </object_component>
      <object_component id="oc-37">
         <name>.text.UART0_IRQHandler</name>
         <load_address>0xb20</load_address>
         <readonly>true</readonly>
         <executable>true</executable>
         <run_address>0xb20</run_address>
         <size>0x5c</size>
         <alignment>0x4</alignment>
         <input_file_ref idref="fl-9"/>
      </object_component>
      <object_component id="oc-68">
         <name>.text.copyHardwareToSoftware</name>
         <load_address>0xb7c</load_address>
         <readonly>true</readonly>
         <executable>true</executable>
         <run_address>0xb7c</run_address>
         <size>0x58</size>
         <alignment>0x4</alignment>
         <input_file_ref idref="fl-9"/>
      </object_component>
      <object_component id="oc-e5">
         <name>.text.Debug_Dump</name>
         <load_address>0xbd4</load_address>
         <readonly>true</readonly>
         <executable>true</executable>
         <run_address>0xbd4</run_address>
         <size>0x50</size>
         <alignment>0x4</alignment>
         <input_file_ref idref="fl-2"/>
      </object_component>
      <object_component id="oc-7a">
         <name>.text.ReadWest</name>
         <load_address>0xc24</load_address>
         <readonly>true</readonly>
         <executable>true</executable>
         <run_address>0xc24</run_address>
         <size>0x4c</size>
         <alignment>0x4</alignment>
         <input_file_ref idref="fl-3"/>
      </object_component>
      <object_component id="oc-b5">
         <name>.text.RxFifo_Put</name>
         <load_address>0xc70</load_address>
         <readonly>true</readonly>
         <executable>true</executable>
         <run_address>0xc70</run_address>
         <size>0x4c</size>
         <alignment>0x4</alignment>
         <input_file_ref idref="fl-5"/>
      </object_component>
      <object_component id="oc-b6">
         <name>.text.TxFifo_Get</name>
         <load_address>0xcbc</load_address>
         <readonly>true</readonly>
         <executable>true</executable>
         <run_address>0xcbc</run_address>
         <size>0x4c</size>
         <alignment>0x4</alignment>
         <input_file_ref idref="fl-5"/>
      </object_component>
      <object_component id="oc-10d">
         <name>.text.TxFifo_Put</name>
         <load_address>0xd08</load_address>
         <readonly>true</readonly>
         <executable>true</executable>
         <run_address>0xd08</run_address>
         <size>0x4c</size>
         <alignment>0x4</alignment>
         <input_file_ref idref="fl-5"/>
      </object_component>
      <object_component id="oc-69">
         <name>.text.copySoftwareToHardware</name>
         <load_address>0xd54</load_address>
         <readonly>true</readonly>
         <executable>true</executable>
         <run_address>0xd54</run_address>
         <size>0x4c</size>
         <alignment>0x4</alignment>
         <input_file_ref idref="fl-9"/>
      </object_component>
      <object_component id="oc-bb">
         <name>.text.UART_OutChar</name>
         <load_address>0xda0</load_address>
         <readonly>true</readonly>
         <executable>true</executable>
         <run_address>0xda0</run_address>
         <size>0x40</size>
         <alignment>0x4</alignment>
         <input_file_ref idref="fl-9"/>
      </object_component>
      <object_component id="oc-be">
         <name>.text.__aeabi_uidivmod</name>
         <load_address>0xde0</load_address>
         <readonly>true</readonly>
         <executable>true</executable>
         <run_address>0xde0</run_address>
         <size>0x40</size>
         <alignment>0x4</alignment>
         <input_file_ref idref="fl-fb"/>
      </object_component>
      <object_component id="oc-f7">
         <name>.text:__TI_auto_init_nobinit_nopinit</name>
         <load_address>0xe20</load_address>
         <readonly>true</readonly>
         <executable>true</executable>
         <run_address>0xe20</run_address>
         <size>0x3c</size>
         <alignment>0x4</alignment>
         <input_file_ref idref="fl-3f"/>
      </object_component>
      <object_component id="oc-11e">
         <name>.text.ActivatePortA_B</name>
         <load_address>0xe5c</load_address>
         <readonly>true</readonly>
         <executable>true</executable>
         <run_address>0xe5c</run_address>
         <size>0x38</size>
         <alignment>0x4</alignment>
         <input_file_ref idref="fl-6"/>
      </object_component>
      <object_component id="oc-76">
         <name>.text.UART_OutUDec</name>
         <load_address>0xe94</load_address>
         <readonly>true</readonly>
         <executable>true</executable>
         <run_address>0xe94</run_address>
         <size>0x36</size>
         <alignment>0x2</alignment>
         <input_file_ref idref="fl-8"/>
      </object_component>
      <object_component id="oc-10e">
         <name>.text.__aeabi_idiv0</name>
         <load_address>0xeca</load_address>
         <readonly>true</readonly>
         <executable>true</executable>
         <run_address>0xeca</run_address>
         <size>0x2</size>
         <alignment>0x2</alignment>
         <input_file_ref idref="fl-100"/>
      </object_component>
      <object_component id="oc-db">
         <name>.text.Grader_Init</name>
         <load_address>0xecc</load_address>
         <readonly>true</readonly>
         <executable>true</executable>
         <run_address>0xecc</run_address>
         <size>0x28</size>
         <alignment>0x4</alignment>
         <input_file_ref idref="fl-3"/>
      </object_component>
      <object_component id="oc-7b">
         <name>.text.ReadWalk</name>
         <load_address>0xef4</load_address>
         <readonly>true</readonly>
         <executable>true</executable>
         <run_address>0xef4</run_address>
         <size>0x28</size>
         <alignment>0x4</alignment>
         <input_file_ref idref="fl-3"/>
      </object_component>
      <object_component id="oc-5c">
         <name>.text:_c_int00_noargs</name>
         <load_address>0xf1c</load_address>
         <readonly>true</readonly>
         <executable>true</executable>
         <run_address>0xf1c</run_address>
         <size>0x28</size>
         <alignment>0x4</alignment>
         <input_file_ref idref="fl-37"/>
      </object_component>
      <object_component id="oc-71">
         <name>.text.UART_OutString</name>
         <load_address>0xf44</load_address>
         <readonly>true</readonly>
         <executable>true</executable>
         <run_address>0xf44</run_address>
         <size>0x26</size>
         <alignment>0x2</alignment>
         <input_file_ref idref="fl-8"/>
      </object_component>
      <object_component id="oc-35">
         <name>.text.Default_Handler</name>
         <load_address>0xf6c</load_address>
         <readonly>true</readonly>
         <executable>true</executable>
         <run_address>0xf6c</run_address>
         <size>0x1c</size>
         <alignment>0x4</alignment>
         <input_file_ref idref="fl-a"/>
      </object_component>
      <object_component id="oc-36">
         <name>.text.HardFault_Handler</name>
         <load_address>0xf88</load_address>
         <readonly>true</readonly>
         <executable>true</executable>
         <run_address>0xf88</run_address>
         <size>0x1c</size>
         <alignment>0x4</alignment>
         <input_file_ref idref="fl-a"/>
      </object_component>
      <object_component id="oc-b4">
         <name>.text.RxFifo_Size</name>
         <load_address>0xfa4</load_address>
         <readonly>true</readonly>
         <executable>true</executable>
         <run_address>0xfa4</run_address>
         <size>0x18</size>
         <alignment>0x4</alignment>
         <input_file_ref idref="fl-5"/>
      </object_component>
      <object_component id="oc-6a">
         <name>.text.TxFifo_Size</name>
         <load_address>0xfbc</load_address>
         <readonly>true</readonly>
         <executable>true</executable>
         <run_address>0xfbc</run_address>
         <size>0x18</size>
         <alignment>0x4</alignment>
         <input_file_ref idref="fl-5"/>
      </object_component>
      <object_component id="oc-53">
         <name>.text:decompress:ZI:__TI_zero_init_nomemset</name>
         <load_address>0xfd4</load_address>
         <readonly>true</readonly>
         <executable>true</executable>
         <run_address>0xfd4</run_address>
         <size>0x16</size>
         <alignment>0x2</alignment>
         <input_file_ref idref="fl-34"/>
      </object_component>
      <object_component id="oc-df">
         <name>.text.Debug_Init</name>
         <load_address>0xfec</load_address>
         <readonly>true</readonly>
         <executable>true</executable>
         <run_address>0xfec</run_address>
         <size>0x14</size>
         <alignment>0x4</alignment>
         <input_file_ref idref="fl-2"/>
      </object_component>
      <object_component id="oc-123">
         <name>.text.RxFifo_Init</name>
         <load_address>0x1000</load_address>
         <readonly>true</readonly>
         <executable>true</executable>
         <run_address>0x1000</run_address>
         <size>0x14</size>
         <alignment>0x4</alignment>
         <input_file_ref idref="fl-5"/>
      </object_component>
      <object_component id="oc-122">
         <name>.text.TxFifo_Init</name>
         <load_address>0x1014</load_address>
         <readonly>true</readonly>
         <executable>true</executable>
         <run_address>0x1014</run_address>
         <size>0x14</size>
         <alignment>0x4</alignment>
         <input_file_ref idref="fl-5"/>
      </object_component>
      <object_component id="oc-c7">
         <name>.text:TI_memcpy_small</name>
         <load_address>0x1028</load_address>
         <readonly>true</readonly>
         <executable>true</executable>
         <run_address>0x1028</run_address>
         <size>0x12</size>
         <alignment>0x1</alignment>
         <input_file_ref idref="fl-102"/>
      </object_component>
      <object_component id="oc-20">
         <name>.text:decompress:none</name>
         <load_address>0x103a</load_address>
         <readonly>true</readonly>
         <executable>true</executable>
         <run_address>0x103a</run_address>
         <size>0x12</size>
         <alignment>0x2</alignment>
         <input_file_ref idref="fl-35"/>
      </object_component>
      <object_component id="oc-121">
         <name>.text.Clock_Delay</name>
         <load_address>0x104c</load_address>
         <readonly>true</readonly>
         <executable>true</executable>
         <run_address>0x104c</run_address>
         <size>0x10</size>
         <alignment>0x2</alignment>
         <input_file_ref idref="fl-1"/>
      </object_component>
      <object_component id="oc-13f">
         <name>.text.Delay</name>
         <load_address>0x105c</load_address>
         <readonly>true</readonly>
         <executable>true</executable>
         <run_address>0x105c</run_address>
         <size>0x10</size>
         <alignment>0x2</alignment>
         <input_file_ref idref="fl-6"/>
      </object_component>
      <object_component id="oc-77">
         <name>.text.OutCRLF</name>
         <load_address>0x106c</load_address>
         <readonly>true</readonly>
         <executable>true</executable>
         <run_address>0x106c</run_address>
         <size>0x10</size>
         <alignment>0x2</alignment>
         <input_file_ref idref="fl-3"/>
      </object_component>
      <object_component id="oc-124">
         <name>.text.Clock_Freq</name>
         <load_address>0x107c</load_address>
         <readonly>true</readonly>
         <executable>true</executable>
         <run_address>0x107c</run_address>
         <size>0xc</size>
         <alignment>0x4</alignment>
         <input_file_ref idref="fl-1"/>
      </object_component>
      <object_component id="oc-dc">
         <name>.text.LaunchPad_LED1off</name>
         <load_address>0x1088</load_address>
         <readonly>true</readonly>
         <executable>true</executable>
         <run_address>0x1088</run_address>
         <size>0xc</size>
         <alignment>0x4</alignment>
         <input_file_ref idref="fl-6"/>
      </object_component>
      <object_component id="oc-4c">
         <name>.text.__aeabi_memcpy</name>
         <load_address>0x1094</load_address>
         <readonly>true</readonly>
         <executable>true</executable>
         <run_address>0x1094</run_address>
         <size>0x8</size>
         <alignment>0x4</alignment>
         <input_file_ref idref="fl-f9"/>
      </object_component>
      <object_component id="oc-31">
         <name>.text.Reset_Handler</name>
         <load_address>0x109c</load_address>
         <readonly>true</readonly>
         <executable>true</executable>
         <run_address>0x109c</run_address>
         <size>0x4</size>
         <alignment>0x2</alignment>
         <input_file_ref idref="fl-a"/>
      </object_component>
      <object_component id="oc-a1">
         <name>.text._system_pre_init</name>
         <load_address>0x10a0</load_address>
         <readonly>true</readonly>
         <executable>true</executable>
         <run_address>0x10a0</run_address>
         <size>0x4</size>
         <alignment>0x2</alignment>
         <input_file_ref idref="fl-40"/>
      </object_component>
      <object_component id="oc-f0">
         <name>.text:abort</name>
         <load_address>0x10a4</load_address>
         <readonly>true</readonly>
         <executable>true</executable>
         <run_address>0x10a4</run_address>
         <size>0x4</size>
         <alignment>0x2</alignment>
         <input_file_ref idref="fl-2f"/>
      </object_component>
      <object_component id="oc-18c">
         <name>.cinit..data.load</name>
         <load_address>0x12b8</load_address>
         <readonly>true</readonly>
         <run_address>0x12b8</run_address>
         <size>0xc</size>
         <alignment>0x1</alignment>
      </object_component>
      <object_component id="oc-18a">
         <name>__TI_handler_table</name>
         <load_address>0x12c4</load_address>
         <readonly>true</readonly>
         <run_address>0x12c4</run_address>
         <size>0xc</size>
         <alignment>0x4</alignment>
      </object_component>
      <object_component id="oc-18d">
         <name>.cinit..bss.load</name>
         <load_address>0x12d0</load_address>
         <readonly>true</readonly>
         <run_address>0x12d0</run_address>
         <size>0x8</size>
         <alignment>0x4</alignment>
      </object_component>
      <object_component id="oc-18b">
         <name>__TI_cinit_table</name>
         <load_address>0x12d8</load_address>
         <readonly>true</readonly>
         <run_address>0x12d8</run_address>
         <size>0x10</size>
         <alignment>0x4</alignment>
      </object_component>
      <object_component id="oc-8c">
         <name>.rodata.pat</name>
         <load_address>0x10a8</load_address>
         <readonly>true</readonly>
         <run_address>0x10a8</run_address>
         <size>0xc4</size>
         <alignment>0x4</alignment>
         <input_file_ref idref="fl-3"/>
      </object_component>
      <object_component id="oc-e6">
         <name>.rodata.str1.75779993472911149681</name>
         <load_address>0x116c</load_address>
         <readonly>true</readonly>
         <run_address>0x116c</run_address>
         <size>0x2f</size>
         <alignment>0x1</alignment>
         <input_file_ref idref="fl-4"/>
      </object_component>
      <object_component id="oc-e7">
         <name>.rodata.str1.96047809155642126251</name>
         <load_address>0x119b</load_address>
         <readonly>true</readonly>
         <run_address>0x119b</run_address>
         <size>0x29</size>
         <alignment>0x1</alignment>
         <input_file_ref idref="fl-4"/>
      </object_component>
      <object_component id="oc-c6">
         <name>.rodata.validPatterns</name>
         <load_address>0x11c4</load_address>
         <readonly>true</readonly>
         <run_address>0x11c4</run_address>
         <size>0x1c</size>
         <alignment>0x4</alignment>
         <input_file_ref idref="fl-3"/>
      </object_component>
      <object_component id="oc-89">
         <name>.rodata.Patterns</name>
         <load_address>0x11e0</load_address>
         <readonly>true</readonly>
         <run_address>0x11e0</run_address>
         <size>0x18</size>
         <alignment>0x4</alignment>
         <input_file_ref idref="fl-3"/>
      </object_component>
      <object_component id="oc-ed">
         <name>.rodata.str1.133340007714413463771</name>
         <load_address>0x11f8</load_address>
         <readonly>true</readonly>
         <run_address>0x11f8</run_address>
         <size>0x14</size>
         <alignment>0x1</alignment>
         <input_file_ref idref="fl-4"/>
      </object_component>
      <object_component id="oc-92">
         <name>.rodata.str1.144391106505873079501</name>
         <load_address>0x120c</load_address>
         <readonly>true</readonly>
         <run_address>0x120c</run_address>
         <size>0x14</size>
         <alignment>0x1</alignment>
         <input_file_ref idref="fl-3"/>
      </object_component>
      <object_component id="oc-95">
         <name>.rodata.str1.6113954655642233881</name>
         <load_address>0x1220</load_address>
         <readonly>true</readonly>
         <run_address>0x1220</run_address>
         <size>0x14</size>
         <alignment>0x1</alignment>
         <input_file_ref idref="fl-3"/>
      </object_component>
      <object_component id="oc-c5">
         <name>.rodata.str1.114852366240512568111</name>
         <load_address>0x1234</load_address>
         <readonly>true</readonly>
         <run_address>0x1234</run_address>
         <size>0x11</size>
         <alignment>0x1</alignment>
         <input_file_ref idref="fl-3"/>
      </object_component>
      <object_component id="oc-94">
         <name>.rodata.str1.100997235355534114531</name>
         <load_address>0x1245</load_address>
         <readonly>true</readonly>
         <run_address>0x1245</run_address>
         <size>0x10</size>
         <alignment>0x1</alignment>
         <input_file_ref idref="fl-3"/>
      </object_component>
      <object_component id="oc-7e">
         <name>.rodata.str1.178541419972375408971</name>
         <load_address>0x1255</load_address>
         <readonly>true</readonly>
         <run_address>0x1255</run_address>
         <size>0x10</size>
         <alignment>0x1</alignment>
         <input_file_ref idref="fl-3"/>
      </object_component>
      <object_component id="oc-87">
         <name>.rodata.str1.23889265132940433811</name>
         <load_address>0x1265</load_address>
         <readonly>true</readonly>
         <run_address>0x1265</run_address>
         <size>0xd</size>
         <alignment>0x1</alignment>
         <input_file_ref idref="fl-3"/>
      </object_component>
      <object_component id="oc-8f">
         <name>.rodata.str1.26563150357451494811</name>
         <load_address>0x1272</load_address>
         <readonly>true</readonly>
         <run_address>0x1272</run_address>
         <size>0xa</size>
         <alignment>0x1</alignment>
         <input_file_ref idref="fl-3"/>
      </object_component>
      <object_component id="oc-93">
         <name>.rodata.str1.69906889678196165881</name>
         <load_address>0x127c</load_address>
         <readonly>true</readonly>
         <run_address>0x127c</run_address>
         <size>0xa</size>
         <alignment>0x1</alignment>
         <input_file_ref idref="fl-3"/>
      </object_component>
      <object_component id="oc-ec">
         <name>.rodata.EID2</name>
         <load_address>0x1286</load_address>
         <readonly>true</readonly>
         <run_address>0x1286</run_address>
         <size>0x9</size>
         <alignment>0x1</alignment>
         <input_file_ref idref="fl-4"/>
      </object_component>
      <object_component id="oc-e9">
         <name>.rodata.EID1</name>
         <load_address>0x128f</load_address>
         <readonly>true</readonly>
         <run_address>0x128f</run_address>
         <size>0x8</size>
         <alignment>0x1</alignment>
         <input_file_ref idref="fl-4"/>
      </object_component>
      <object_component id="oc-e8">
         <name>.rodata.str1.115186136637647617371</name>
         <load_address>0x1297</load_address>
         <readonly>true</readonly>
         <run_address>0x1297</run_address>
         <size>0x7</size>
         <alignment>0x1</alignment>
         <input_file_ref idref="fl-4"/>
      </object_component>
      <object_component id="oc-eb">
         <name>.rodata.str1.64168921604713136011</name>
         <load_address>0x129e</load_address>
         <readonly>true</readonly>
         <run_address>0x129e</run_address>
         <size>0x7</size>
         <alignment>0x1</alignment>
         <input_file_ref idref="fl-4"/>
      </object_component>
      <object_component id="oc-91">
         <name>.rodata.str1.85906719155229904161</name>
         <load_address>0x12a5</load_address>
         <readonly>true</readonly>
         <run_address>0x12a5</run_address>
         <size>0x7</size>
         <alignment>0x1</alignment>
         <input_file_ref idref="fl-3"/>
      </object_component>
      <object_component id="oc-90">
         <name>.rodata.str1.154730482690474842861</name>
         <load_address>0x12ac</load_address>
         <readonly>true</readonly>
         <run_address>0x12ac</run_address>
         <size>0x5</size>
         <alignment>0x1</alignment>
         <input_file_ref idref="fl-3"/>
      </object_component>
      <object_component id="oc-ea">
         <name>.rodata.str1.67512998619502109691</name>
         <load_address>0x12b1</load_address>
         <readonly>true</readonly>
         <run_address>0x12b1</run_address>
         <size>0x3</size>
         <alignment>0x1</alignment>
         <input_file_ref idref="fl-4"/>
      </object_component>
      <object_component id="oc-154">
         <name>.binit</name>
         <load_address>0x0</load_address>
         <readonly>true</readonly>
         <run_address>0x0</run_address>
         <size>0x0</size>
         <alignment>0x4</alignment>
      </object_component>
      <object_component id="oc-11b">
         <name>.data.BusFreq</name>
         <load_address>0x20200420</load_address>
         <readwrite>true</readwrite>
         <run_address>0x20200420</run_address>
         <size>0x4</size>
         <alignment>0x4</alignment>
         <input_file_ref idref="fl-1"/>
      </object_component>
      <object_component id="oc-80">
         <name>.data.Time</name>
         <load_address>0x20200438</load_address>
         <readwrite>true</readwrite>
         <run_address>0x20200438</run_address>
         <size>0x4</size>
         <alignment>0x4</alignment>
         <input_file_ref idref="fl-3"/>
      </object_component>
      <object_component id="oc-7d">
         <name>.data.Fail</name>
         <load_address>0x20200424</load_address>
         <readwrite>true</readwrite>
         <run_address>0x20200424</run_address>
         <size>0x4</size>
         <alignment>0x4</alignment>
         <input_file_ref idref="fl-3"/>
      </object_component>
      <object_component id="oc-c3">
         <name>.data.SouthMode</name>
         <load_address>0x20200434</load_address>
         <readwrite>true</readwrite>
         <run_address>0x20200434</run_address>
         <size>0x4</size>
         <alignment>0x4</alignment>
         <input_file_ref idref="fl-3"/>
      </object_component>
      <object_component id="oc-c4">
         <name>.data.WestMode</name>
         <load_address>0x2020043c</load_address>
         <readwrite>true</readwrite>
         <run_address>0x2020043c</run_address>
         <size>0x4</size>
         <alignment>0x4</alignment>
         <input_file_ref idref="fl-3"/>
      </object_component>
      <object_component id="oc-c2">
         <name>.data.SensorMode</name>
         <load_address>0x20200430</load_address>
         <readwrite>true</readwrite>
         <run_address>0x20200430</run_address>
         <size>0x4</size>
         <alignment>0x4</alignment>
         <input_file_ref idref="fl-3"/>
      </object_component>
      <object_component id="oc-7f">
         <name>.data.Score</name>
         <load_address>0x2020042c</load_address>
         <readwrite>true</readwrite>
         <run_address>0x2020042c</run_address>
         <size>0x4</size>
         <alignment>0x4</alignment>
         <input_file_ref idref="fl-3"/>
      </object_component>
      <object_component id="oc-88">
         <name>.data.PatternMode</name>
         <load_address>0x20200428</load_address>
         <readwrite>true</readwrite>
         <run_address>0x20200428</run_address>
         <size>0x4</size>
         <alignment>0x4</alignment>
         <input_file_ref idref="fl-3"/>
      </object_component>
      <object_component id="oc-10c">
         <name>.bss.TxFifo</name>
         <uninitialized>true</uninitialized>
         <readwrite>true</readwrite>
         <run_address>0x20200190</run_address>
         <size>0x40</size>
         <alignment>0x1</alignment>
         <input_file_ref idref="fl-5"/>
      </object_component>
      <object_component id="oc-10b">
         <name>.bss.RxFifo</name>
         <uninitialized>true</uninitialized>
         <readwrite>true</readwrite>
         <run_address>0x202001d0</run_address>
         <size>0x10</size>
         <alignment>0x1</alignment>
         <input_file_ref idref="fl-5"/>
      </object_component>
      <object_component id="oc-12a">
         <name>.common:DebugCnt</name>
         <uninitialized>true</uninitialized>
         <readwrite>true</readwrite>
         <run_address>0x202001e0</run_address>
         <size>0x4</size>
         <alignment>0x4</alignment>
      </object_component>
      <object_component id="oc-12d">
         <name>.common:DataBuffer</name>
         <uninitialized>true</uninitialized>
         <readwrite>true</readwrite>
         <run_address>0x20200000</run_address>
         <size>0xc8</size>
         <alignment>0x4</alignment>
      </object_component>
      <object_component id="oc-12e">
         <name>.common:TimeBuffer</name>
         <uninitialized>true</uninitialized>
         <readwrite>true</readwrite>
         <run_address>0x202000c8</run_address>
         <size>0xc8</size>
         <alignment>0x4</alignment>
      </object_component>
      <object_component id="oc-81">
         <name>.common:in</name>
         <uninitialized>true</uninitialized>
         <readwrite>true</readwrite>
         <run_address>0x20200210</run_address>
         <size>0x4</size>
         <alignment>0x4</alignment>
      </object_component>
      <object_component id="oc-82">
         <name>.common:out</name>
         <uninitialized>true</uninitialized>
         <readwrite>true</readwrite>
         <run_address>0x20200214</run_address>
         <size>0x4</size>
         <alignment>0x4</alignment>
      </object_component>
      <object_component id="oc-83">
         <name>.common:LastIn</name>
         <uninitialized>true</uninitialized>
         <readwrite>true</readwrite>
         <run_address>0x202001e4</run_address>
         <size>0x4</size>
         <alignment>0x4</alignment>
      </object_component>
      <object_component id="oc-84">
         <name>.common:LastOut</name>
         <uninitialized>true</uninitialized>
         <readwrite>true</readwrite>
         <run_address>0x202001e8</run_address>
         <size>0x4</size>
         <alignment>0x4</alignment>
      </object_component>
      <object_component id="oc-85">
         <name>.common:state</name>
         <uninitialized>true</uninitialized>
         <readwrite>true</readwrite>
         <run_address>0x20200218</run_address>
         <size>0x4</size>
         <alignment>0x4</alignment>
      </object_component>
      <object_component id="oc-86">
         <name>.common:LookingFlag</name>
         <uninitialized>true</uninitialized>
         <readwrite>true</readwrite>
         <run_address>0x202001f0</run_address>
         <size>0x4</size>
         <alignment>0x4</alignment>
      </object_component>
      <object_component id="oc-8a">
         <name>.common:LookingFor</name>
         <uninitialized>true</uninitialized>
         <readwrite>true</readwrite>
         <run_address>0x202001f4</run_address>
         <size>0x4</size>
         <alignment>0x4</alignment>
      </object_component>
      <object_component id="oc-8b">
         <name>.common:NeedState</name>
         <uninitialized>true</uninitialized>
         <readwrite>true</readwrite>
         <run_address>0x202001f8</run_address>
         <size>0x4</size>
         <alignment>0x4</alignment>
      </object_component>
      <object_component id="oc-8d">
         <name>.common:WrongState</name>
         <uninitialized>true</uninitialized>
         <readwrite>true</readwrite>
         <run_address>0x2020020c</run_address>
         <size>0x4</size>
         <alignment>0x4</alignment>
      </object_component>
      <object_component id="oc-8e">
         <name>.common:LastState</name>
         <uninitialized>true</uninitialized>
         <readwrite>true</readwrite>
         <run_address>0x202001ec</run_address>
         <size>0x4</size>
         <alignment>0x4</alignment>
      </object_component>
      <object_component id="oc-b8">
         <name>.common:TxGetI</name>
         <uninitialized>true</uninitialized>
         <readwrite>true</readwrite>
         <run_address>0x20200204</run_address>
         <size>0x4</size>
         <alignment>0x4</alignment>
      </object_component>
      <object_component id="oc-b7">
         <name>.common:TxPutI</name>
         <uninitialized>true</uninitialized>
         <readwrite>true</readwrite>
         <run_address>0x20200208</run_address>
         <size>0x4</size>
         <alignment>0x4</alignment>
      </object_component>
      <object_component id="oc-10a">
         <name>.common:RxGetI</name>
         <uninitialized>true</uninitialized>
         <readwrite>true</readwrite>
         <run_address>0x202001fc</run_address>
         <size>0x4</size>
         <alignment>0x4</alignment>
      </object_component>
      <object_component id="oc-109">
         <name>.common:RxPutI</name>
         <uninitialized>true</uninitialized>
         <readwrite>true</readwrite>
         <run_address>0x20200200</run_address>
         <size>0x4</size>
         <alignment>0x4</alignment>
      </object_component>
      <object_component id="oc-2f">
         <name>.sysmem</name>
         <uninitialized>true</uninitialized>
         <readwrite>true</readwrite>
         <run_address>0x20200220</run_address>
         <size>0x10</size>
         <alignment>0x8</alignment>
         <input_file_ref idref="fl-33"/>
      </object_component>
      <object_component id="oc-190">
         <name>.sysmem</name>
         <uninitialized>true</uninitialized>
         <readwrite>true</readwrite>
         <run_address>0x20200220</run_address>
         <size>0x0</size>
         <alignment>0x4</alignment>
      </object_component>
      <object_component id="oc-1a">
         <name>.stack</name>
         <uninitialized>true</uninitialized>
         <readwrite>true</readwrite>
         <run_address>0x20207e00</run_address>
         <size>0x4</size>
         <alignment>0x4</alignment>
         <input_file_ref idref="fl-37"/>
      </object_component>
      <object_component id="oc-18f">
         <name>.stack</name>
         <uninitialized>true</uninitialized>
         <readwrite>true</readwrite>
         <run_address>0x20207e00</run_address>
         <size>0x0</size>
         <alignment>0x8</alignment>
      </object_component>
      <object_component id="oc-11c">
         <name>.debug_abbrev</name>
         <load_address>0x0</load_address>
         <run_address>0x0</run_address>
         <size>0x16c</size>
         <alignment>0x1</alignment>
         <input_file_ref idref="fl-1"/>
      </object_component>
      <object_component id="oc-12b">
         <name>.debug_abbrev</name>
         <load_address>0x16c</load_address>
         <run_address>0x16c</run_address>
         <size>0x10f</size>
         <alignment>0x1</alignment>
         <input_file_ref idref="fl-2"/>
      </object_component>
      <object_component id="oc-96">
         <name>.debug_abbrev</name>
         <load_address>0x27b</load_address>
         <run_address>0x27b</run_address>
         <size>0x21f</size>
         <alignment>0x1</alignment>
         <input_file_ref idref="fl-3"/>
      </object_component>
      <object_component id="oc-ee">
         <name>.debug_abbrev</name>
         <load_address>0x49a</load_address>
         <run_address>0x49a</run_address>
         <size>0x195</size>
         <alignment>0x1</alignment>
         <input_file_ref idref="fl-4"/>
      </object_component>
      <object_component id="oc-b9">
         <name>.debug_abbrev</name>
         <load_address>0x62f</load_address>
         <run_address>0x62f</run_address>
         <size>0xd8</size>
         <alignment>0x1</alignment>
         <input_file_ref idref="fl-5"/>
      </object_component>
      <object_component id="oc-11f">
         <name>.debug_abbrev</name>
         <load_address>0x707</load_address>
         <run_address>0x707</run_address>
         <size>0x10d</size>
         <alignment>0x1</alignment>
         <input_file_ref idref="fl-6"/>
      </object_component>
      <object_component id="oc-140">
         <name>.debug_abbrev</name>
         <load_address>0x814</load_address>
         <run_address>0x814</run_address>
         <size>0xf3</size>
         <alignment>0x1</alignment>
         <input_file_ref idref="fl-7"/>
      </object_component>
      <object_component id="oc-bc">
         <name>.debug_abbrev</name>
         <load_address>0x907</load_address>
         <run_address>0x907</run_address>
         <size>0xdc</size>
         <alignment>0x1</alignment>
         <input_file_ref idref="fl-8"/>
      </object_component>
      <object_component id="oc-6f">
         <name>.debug_abbrev</name>
         <load_address>0x9e3</load_address>
         <run_address>0x9e3</run_address>
         <size>0x132</size>
         <alignment>0x1</alignment>
         <input_file_ref idref="fl-9"/>
      </object_component>
      <object_component id="oc-41">
         <name>.debug_abbrev</name>
         <load_address>0xb15</load_address>
         <run_address>0xb15</run_address>
         <size>0x6d</size>
         <alignment>0x1</alignment>
         <input_file_ref idref="fl-a"/>
      </object_component>
      <object_component id="oc-12f">
         <name>.debug_abbrev</name>
         <load_address>0xb82</load_address>
         <run_address>0xb82</run_address>
         <size>0xb3</size>
         <alignment>0x1</alignment>
         <input_file_ref idref="fl-2f"/>
      </object_component>
      <object_component id="oc-63">
         <name>.debug_abbrev</name>
         <load_address>0xc35</load_address>
         <run_address>0xc35</run_address>
         <size>0x299</size>
         <alignment>0x1</alignment>
         <input_file_ref idref="fl-33"/>
      </object_component>
      <object_component id="oc-9a">
         <name>.debug_abbrev</name>
         <load_address>0xece</load_address>
         <run_address>0xece</run_address>
         <size>0xc2</size>
         <alignment>0x1</alignment>
         <input_file_ref idref="fl-34"/>
      </object_component>
      <object_component id="oc-50">
         <name>.debug_abbrev</name>
         <load_address>0xf90</load_address>
         <run_address>0xf90</run_address>
         <size>0x70</size>
         <alignment>0x1</alignment>
         <input_file_ref idref="fl-35"/>
      </object_component>
      <object_component id="oc-48">
         <name>.debug_abbrev</name>
         <load_address>0x1000</load_address>
         <run_address>0x1000</run_address>
         <size>0x8d</size>
         <alignment>0x1</alignment>
         <input_file_ref idref="fl-36"/>
      </object_component>
      <object_component id="oc-43">
         <name>.debug_abbrev</name>
         <load_address>0x108d</load_address>
         <run_address>0x108d</run_address>
         <size>0xaf</size>
         <alignment>0x1</alignment>
         <input_file_ref idref="fl-37"/>
      </object_component>
      <object_component id="oc-135">
         <name>.debug_abbrev</name>
         <load_address>0x113c</load_address>
         <run_address>0x113c</run_address>
         <size>0x170</size>
         <alignment>0x1</alignment>
         <input_file_ref idref="fl-3f"/>
      </object_component>
      <object_component id="oc-cf">
         <name>.debug_abbrev</name>
         <load_address>0x12ac</load_address>
         <run_address>0x12ac</run_address>
         <size>0x39</size>
         <alignment>0x1</alignment>
         <input_file_ref idref="fl-40"/>
      </object_component>
      <object_component id="oc-99">
         <name>.debug_abbrev</name>
         <load_address>0x12e5</load_address>
         <run_address>0x12e5</run_address>
         <size>0x27</size>
         <alignment>0x1</alignment>
         <input_file_ref idref="fl-f9"/>
      </object_component>
      <object_component id="oc-113">
         <name>.debug_abbrev</name>
         <load_address>0x130c</load_address>
         <run_address>0x130c</run_address>
         <size>0x27</size>
         <alignment>0x1</alignment>
         <input_file_ref idref="fl-fb"/>
      </object_component>
      <object_component id="oc-13b">
         <name>.debug_abbrev</name>
         <load_address>0x1333</load_address>
         <run_address>0x1333</run_address>
         <size>0x59</size>
         <alignment>0x1</alignment>
         <input_file_ref idref="fl-100"/>
      </object_component>
      <object_component id="oc-114">
         <name>.debug_abbrev</name>
         <load_address>0x138c</load_address>
         <run_address>0x138c</run_address>
         <size>0x25</size>
         <alignment>0x1</alignment>
         <input_file_ref idref="fl-102"/>
      </object_component>
      <object_component id="oc-192">
         <name>.debug_abbrev</name>
         <load_address>0x13b1</load_address>
         <run_address>0x13b1</run_address>
         <size>0xf</size>
         <alignment>0x0</alignment>
      </object_component>
      <object_component id="oc-d2">
         <name>.debug_info</name>
         <load_address>0x0</load_address>
         <run_address>0x0</run_address>
         <size>0x1363</size>
         <alignment>0x1</alignment>
         <input_file_ref idref="fl-1"/>
      </object_component>
      <object_component id="oc-e0">
         <name>.debug_info</name>
         <load_address>0x1363</load_address>
         <run_address>0x1363</run_address>
         <size>0xe48</size>
         <alignment>0x1</alignment>
         <input_file_ref idref="fl-2"/>
      </object_component>
      <object_component id="oc-3d">
         <name>.debug_info</name>
         <load_address>0x21ab</load_address>
         <run_address>0x21ab</run_address>
         <size>0x17a5</size>
         <alignment>0x1</alignment>
         <input_file_ref idref="fl-3"/>
      </object_component>
      <object_component id="oc-a6">
         <name>.debug_info</name>
         <load_address>0x3950</load_address>
         <run_address>0x3950</run_address>
         <size>0xd6a</size>
         <alignment>0x1</alignment>
         <input_file_ref idref="fl-4"/>
      </object_component>
      <object_component id="oc-6b">
         <name>.debug_info</name>
         <load_address>0x46ba</load_address>
         <run_address>0x46ba</run_address>
         <size>0x1f0</size>
         <alignment>0x1</alignment>
         <input_file_ref idref="fl-5"/>
      </object_component>
      <object_component id="oc-d7">
         <name>.debug_info</name>
         <load_address>0x48aa</load_address>
         <run_address>0x48aa</run_address>
         <size>0x879</size>
         <alignment>0x1</alignment>
         <input_file_ref idref="fl-6"/>
      </object_component>
      <object_component id="oc-126">
         <name>.debug_info</name>
         <load_address>0x5123</load_address>
         <run_address>0x5123</run_address>
         <size>0x9b1</size>
         <alignment>0x1</alignment>
         <input_file_ref idref="fl-7"/>
      </object_component>
      <object_component id="oc-72">
         <name>.debug_info</name>
         <load_address>0x5ad4</load_address>
         <run_address>0x5ad4</run_address>
         <size>0x5da</size>
         <alignment>0x1</alignment>
         <input_file_ref idref="fl-8"/>
      </object_component>
      <object_component id="oc-38">
         <name>.debug_info</name>
         <load_address>0x60ae</load_address>
         <run_address>0x60ae</run_address>
         <size>0x785</size>
         <alignment>0x1</alignment>
         <input_file_ref idref="fl-9"/>
      </object_component>
      <object_component id="oc-19">
         <name>.debug_info</name>
         <load_address>0x6833</load_address>
         <run_address>0x6833</run_address>
         <size>0x94</size>
         <alignment>0x1</alignment>
         <input_file_ref idref="fl-a"/>
      </object_component>
      <object_component id="oc-f1">
         <name>.debug_info</name>
         <load_address>0x68c7</load_address>
         <run_address>0x68c7</run_address>
         <size>0xed</size>
         <alignment>0x1</alignment>
         <input_file_ref idref="fl-2f"/>
      </object_component>
      <object_component id="oc-30">
         <name>.debug_info</name>
         <load_address>0x69b4</load_address>
         <run_address>0x69b4</run_address>
         <size>0xae7</size>
         <alignment>0x1</alignment>
         <input_file_ref idref="fl-33"/>
      </object_component>
      <object_component id="oc-55">
         <name>.debug_info</name>
         <load_address>0x749b</load_address>
         <run_address>0x749b</run_address>
         <size>0x192</size>
         <alignment>0x1</alignment>
         <input_file_ref idref="fl-34"/>
      </object_component>
      <object_component id="oc-21">
         <name>.debug_info</name>
         <load_address>0x762d</load_address>
         <run_address>0x762d</run_address>
         <size>0xc6</size>
         <alignment>0x1</alignment>
         <input_file_ref idref="fl-35"/>
      </object_component>
      <object_component id="oc-1d">
         <name>.debug_info</name>
         <load_address>0x76f3</load_address>
         <run_address>0x76f3</run_address>
         <size>0x17c</size>
         <alignment>0x1</alignment>
         <input_file_ref idref="fl-36"/>
      </object_component>
      <object_component id="oc-1b">
         <name>.debug_info</name>
         <load_address>0x786f</load_address>
         <run_address>0x786f</run_address>
         <size>0x423</size>
         <alignment>0x1</alignment>
         <input_file_ref idref="fl-37"/>
      </object_component>
      <object_component id="oc-f9">
         <name>.debug_info</name>
         <load_address>0x7c92</load_address>
         <run_address>0x7c92</run_address>
         <size>0x744</size>
         <alignment>0x1</alignment>
         <input_file_ref idref="fl-3f"/>
      </object_component>
      <object_component id="oc-a2">
         <name>.debug_info</name>
         <load_address>0x83d6</load_address>
         <run_address>0x83d6</run_address>
         <size>0x46</size>
         <alignment>0x1</alignment>
         <input_file_ref idref="fl-40"/>
      </object_component>
      <object_component id="oc-4d">
         <name>.debug_info</name>
         <load_address>0x841c</load_address>
         <run_address>0x841c</run_address>
         <size>0x1a1</size>
         <alignment>0x1</alignment>
         <input_file_ref idref="fl-f9"/>
      </object_component>
      <object_component id="oc-bf">
         <name>.debug_info</name>
         <load_address>0x85bd</load_address>
         <run_address>0x85bd</run_address>
         <size>0x1c4</size>
         <alignment>0x1</alignment>
         <input_file_ref idref="fl-fb"/>
      </object_component>
      <object_component id="oc-10f">
         <name>.debug_info</name>
         <load_address>0x8781</load_address>
         <run_address>0x8781</run_address>
         <size>0x85</size>
         <alignment>0x1</alignment>
         <input_file_ref idref="fl-100"/>
      </object_component>
      <object_component id="oc-c8">
         <name>.debug_info</name>
         <load_address>0x8806</load_address>
         <run_address>0x8806</run_address>
         <size>0x2fe</size>
         <alignment>0x1</alignment>
         <input_file_ref idref="fl-102"/>
      </object_component>
      <object_component id="oc-191">
         <name>.debug_info</name>
         <load_address>0x8b04</load_address>
         <run_address>0x8b04</run_address>
         <size>0xba</size>
         <alignment>0x0</alignment>
      </object_component>
      <object_component id="oc-d3">
         <name>.debug_ranges</name>
         <load_address>0x0</load_address>
         <run_address>0x0</run_address>
         <size>0x58</size>
         <alignment>0x1</alignment>
         <input_file_ref idref="fl-1"/>
      </object_component>
      <object_component id="oc-e1">
         <name>.debug_ranges</name>
         <load_address>0x58</load_address>
         <run_address>0x58</run_address>
         <size>0x38</size>
         <alignment>0x1</alignment>
         <input_file_ref idref="fl-2"/>
      </object_component>
      <object_component id="oc-3e">
         <name>.debug_ranges</name>
         <load_address>0x90</load_address>
         <run_address>0x90</run_address>
         <size>0x78</size>
         <alignment>0x1</alignment>
         <input_file_ref idref="fl-3"/>
      </object_component>
      <object_component id="oc-a7">
         <name>.debug_ranges</name>
         <load_address>0x108</load_address>
         <run_address>0x108</run_address>
         <size>0x48</size>
         <alignment>0x1</alignment>
         <input_file_ref idref="fl-4"/>
      </object_component>
      <object_component id="oc-6c">
         <name>.debug_ranges</name>
         <load_address>0x150</load_address>
         <run_address>0x150</run_address>
         <size>0x48</size>
         <alignment>0x1</alignment>
         <input_file_ref idref="fl-5"/>
      </object_component>
      <object_component id="oc-d8">
         <name>.debug_ranges</name>
         <load_address>0x198</load_address>
         <run_address>0x198</run_address>
         <size>0x60</size>
         <alignment>0x1</alignment>
         <input_file_ref idref="fl-6"/>
      </object_component>
      <object_component id="oc-127">
         <name>.debug_ranges</name>
         <load_address>0x1f8</load_address>
         <run_address>0x1f8</run_address>
         <size>0x48</size>
         <alignment>0x1</alignment>
         <input_file_ref idref="fl-7"/>
      </object_component>
      <object_component id="oc-73">
         <name>.debug_ranges</name>
         <load_address>0x240</load_address>
         <run_address>0x240</run_address>
         <size>0x80</size>
         <alignment>0x1</alignment>
         <input_file_ref idref="fl-8"/>
      </object_component>
      <object_component id="oc-39">
         <name>.debug_ranges</name>
         <load_address>0x2c0</load_address>
         <run_address>0x2c0</run_address>
         <size>0x38</size>
         <alignment>0x1</alignment>
         <input_file_ref idref="fl-9"/>
      </object_component>
      <object_component id="oc-32">
         <name>.debug_ranges</name>
         <load_address>0x2f8</load_address>
         <run_address>0x2f8</run_address>
         <size>0x20</size>
         <alignment>0x1</alignment>
         <input_file_ref idref="fl-a"/>
      </object_component>
      <object_component id="oc-f2">
         <name>.debug_ranges</name>
         <load_address>0x318</load_address>
         <run_address>0x318</run_address>
         <size>0x18</size>
         <alignment>0x1</alignment>
         <input_file_ref idref="fl-2f"/>
      </object_component>
      <object_component id="oc-66">
         <name>.debug_ranges</name>
         <load_address>0x330</load_address>
         <run_address>0x330</run_address>
         <size>0xa0</size>
         <alignment>0x1</alignment>
         <input_file_ref idref="fl-33"/>
      </object_component>
      <object_component id="oc-56">
         <name>.debug_ranges</name>
         <load_address>0x3d0</load_address>
         <run_address>0x3d0</run_address>
         <size>0x18</size>
         <alignment>0x1</alignment>
         <input_file_ref idref="fl-34"/>
      </object_component>
      <object_component id="oc-4b">
         <name>.debug_ranges</name>
         <load_address>0x3e8</load_address>
         <run_address>0x3e8</run_address>
         <size>0x50</size>
         <alignment>0x1</alignment>
         <input_file_ref idref="fl-36"/>
      </object_component>
      <object_component id="oc-46">
         <name>.debug_ranges</name>
         <load_address>0x438</load_address>
         <run_address>0x438</run_address>
         <size>0x48</size>
         <alignment>0x1</alignment>
         <input_file_ref idref="fl-37"/>
      </object_component>
      <object_component id="oc-fa">
         <name>.debug_ranges</name>
         <load_address>0x480</load_address>
         <run_address>0x480</run_address>
         <size>0x48</size>
         <alignment>0x1</alignment>
         <input_file_ref idref="fl-3f"/>
      </object_component>
      <object_component id="oc-110">
         <name>.debug_ranges</name>
         <load_address>0x4c8</load_address>
         <run_address>0x4c8</run_address>
         <size>0x18</size>
         <alignment>0x1</alignment>
         <input_file_ref idref="fl-100"/>
      </object_component>
      <object_component id="oc-ca">
         <name>.debug_ranges</name>
         <load_address>0x4e0</load_address>
         <run_address>0x4e0</run_address>
         <size>0x28</size>
         <alignment>0x1</alignment>
         <input_file_ref idref="fl-102"/>
      </object_component>
      <object_component id="oc-11d">
         <name>.debug_str</name>
         <load_address>0x0</load_address>
         <run_address>0x0</run_address>
         <size>0x924</size>
         <alignment>0x1</alignment>
         <input_file_ref idref="fl-1"/>
      </object_component>
      <object_component id="oc-12c">
         <name>.debug_str</name>
         <load_address>0x924</load_address>
         <run_address>0x924</run_address>
         <size>0x6ca</size>
         <alignment>0x1</alignment>
         <input_file_ref idref="fl-2"/>
      </object_component>
      <object_component id="oc-97">
         <name>.debug_str</name>
         <load_address>0xfee</load_address>
         <run_address>0xfee</run_address>
         <size>0x846</size>
         <alignment>0x1</alignment>
         <input_file_ref idref="fl-3"/>
      </object_component>
      <object_component id="oc-ef">
         <name>.debug_str</name>
         <load_address>0x1834</load_address>
         <run_address>0x1834</run_address>
         <size>0x661</size>
         <alignment>0x1</alignment>
         <input_file_ref idref="fl-4"/>
      </object_component>
      <object_component id="oc-ba">
         <name>.debug_str</name>
         <load_address>0x1e95</load_address>
         <run_address>0x1e95</run_address>
         <size>0x1cb</size>
         <alignment>0x1</alignment>
         <input_file_ref idref="fl-5"/>
      </object_component>
      <object_component id="oc-120">
         <name>.debug_str</name>
         <load_address>0x2060</load_address>
         <run_address>0x2060</run_address>
         <size>0x559</size>
         <alignment>0x1</alignment>
         <input_file_ref idref="fl-6"/>
      </object_component>
      <object_component id="oc-141">
         <name>.debug_str</name>
         <load_address>0x25b9</load_address>
         <run_address>0x25b9</run_address>
         <size>0x4c5</size>
         <alignment>0x1</alignment>
         <input_file_ref idref="fl-7"/>
      </object_component>
      <object_component id="oc-bd">
         <name>.debug_str</name>
         <load_address>0x2a7e</load_address>
         <run_address>0x2a7e</run_address>
         <size>0x32d</size>
         <alignment>0x1</alignment>
         <input_file_ref idref="fl-8"/>
      </object_component>
      <object_component id="oc-70">
         <name>.debug_str</name>
         <load_address>0x2dab</load_address>
         <run_address>0x2dab</run_address>
         <size>0x436</size>
         <alignment>0x1</alignment>
         <input_file_ref idref="fl-9"/>
      </object_component>
      <object_component id="oc-42">
         <name>.debug_str</name>
         <load_address>0x31e1</load_address>
         <run_address>0x31e1</run_address>
         <size>0x13a</size>
[...]
         <usage_details>
         </usage_details>
      </memory_area>
   </placement_map>
   <cptbl_list>
      <cptbl>
         <name>__TI_cinit_table</name>
         <cprec>
            <name>.data</name>
            <load_address>0x12b8</load_address>
            <load_size>0xc</load_size>
            <run_address>0x20200420</run_address>
            <run_size>0x20</run_size>
            <compression>lzss</compression>
         </cprec>
         <cprec>
            <name>.bss</name>
            <load_address>0x12d0</load_address>
            <load_size>0x8</load_size>
            <run_address>0x20200000</run_address>
            <run_size>0x21c</run_size>
            <compression>zero_init</compression>
         </cprec>
      </cptbl>
   </cptbl_list>
   <handler_table>
      <handler_table_name>__TI_handler_table</handler_table_name>
      <handler>
         <index>0x0</index>
         <name>__TI_decompress_lzss</name>
      </handler>
      <handler>
         <index>0x1</index>
         <name>__TI_decompress_none</name>
      </handler>
      <handler>
         <index>0x2</index>
         <name>__TI_zero_init</name>
      </handler>
   </handler_table>
   <symbol_table>
      <symbol id="sm-1">
         <name>__start___llvm_prf_cnts</name>
         <value>0x20200000</value>
      </symbol>
      <symbol id="sm-2">
         <name>__stop___llvm_prf_cnts</name>
         <value>0x20200000</value>
      </symbol>
      <symbol id="sm-3">
         <name>__start___llvm_prf_bits</name>
         <value>0x20200000</value>
      </symbol>
      <symbol id="sm-4">
         <name>__stop___llvm_prf_bits</name>
         <value>0x20200000</value>
      </symbol>
      <symbol id="sm-5">
         <name>__TI_CINIT_Base</name>
         <value>0x12d8</value>
      </symbol>
      <symbol id="sm-6">
         <name>__TI_CINIT_Limit</name>
         <value>0x12e8</value>
      </symbol>
      <symbol id="sm-7">
         <name>__TI_CINIT_Warm</name>
         <value>0x12e8</value>
      </symbol>
      <symbol id="sm-8">
         <name>__TI_Handler_Table_Base</name>
         <value>0x12c4</value>
      </symbol>
      <symbol id="sm-9">
         <name>__TI_Handler_Table_Limit</name>
         <value>0x12d0</value>
      </symbol>
      <symbol id="sm-a">
         <name>binit</name>
         <value>0xffffffff</value>
      </symbol>
      <symbol id="sm-b">
         <name>__binit__</name>
         <value>0xffffffff</value>
      </symbol>
      <symbol id="sm-c">
         <name>__STACK_SIZE</name>
         <value>0x200</value>
      </symbol>
      <symbol id="sm-d">
         <name>__STACK_END</name>
         <value>0x20208000</value>
      </symbol>
      <symbol id="sm-e">
         <name>__SYSMEM_SIZE</name>
         <value>0x200</value>
      </symbol>
      <symbol id="sm-f">
         <name>__TI_pprof_out_hndl</name>
         <value>0xffffffff</value>
      </symbol>
      <symbol id="sm-10">
         <name>__TI_prof_data_start</name>
         <value>0xffffffff</value>
      </symbol>
      <symbol id="sm-11">
         <name>__TI_prof_data_size</name>
         <value>0xffffffff</value>
      </symbol>
      <symbol id="sm-43">
         <name>Clock_Freq</name>
         <value>0x107d</value>
         <object_component_ref idref="oc-124"/>
      </symbol>
      <symbol id="sm-44">
         <name>BusFreq</name>
         <value>0x20200420</value>
         <object_component_ref idref="oc-11b"/>
      </symbol>
      <symbol id="sm-45">
         <name>Clock_Init80MHz</name>
         <value>0x3dd</value>
         <object_component_ref idref="oc-d1"/>
      </symbol>
      <symbol id="sm-46">
         <name>Clock_Delay</name>
         <value>0x104d</value>
         <object_component_ref idref="oc-121"/>
      </symbol>
      <symbol id="sm-53">
         <name>Debug_Init</name>
         <value>0xfed</value>
         <object_component_ref idref="oc-df"/>
      </symbol>
      <symbol id="sm-54">
         <name>DebugCnt</name>
         <value>0x202001e0</value>
      </symbol>
      <symbol id="sm-55">
         <name>Debug_Dump</name>
         <value>0xbd5</value>
         <object_component_ref idref="oc-e5"/>
      </symbol>
      <symbol id="sm-56">
         <name>DataBuffer</name>
         <value>0x20200000</value>
      </symbol>
      <symbol id="sm-57">
         <name>TimeBuffer</name>
         <value>0x202000c8</value>
      </symbol>
      <symbol id="sm-8d">
         <name>OutCRLF</name>
         <value>0x106d</value>
         <object_component_ref idref="oc-77"/>
      </symbol>
      <symbol id="sm-8e">
         <name>ReadSouth</name>
         <value>0xac5</value>
         <object_component_ref idref="oc-79"/>
      </symbol>
      <symbol id="sm-8f">
         <name>ReadSensor</name>
         <value>0x8a5</value>
         <object_component_ref idref="oc-78"/>
      </symbol>
      <symbol id="sm-90">
         <name>ReadWest</name>
         <value>0xc25</value>
         <object_component_ref idref="oc-7a"/>
      </symbol>
      <symbol id="sm-91">
         <name>ReadWalk</name>
         <value>0xef5</value>
         <object_component_ref idref="oc-7b"/>
      </symbol>
      <symbol id="sm-92">
         <name>GetState</name>
         <value>0x99d</value>
         <object_component_ref idref="oc-7c"/>
      </symbol>
      <symbol id="sm-93">
         <name>validPatterns</name>
         <value>0x11c4</value>
         <object_component_ref idref="oc-c6"/>
      </symbol>
      <symbol id="sm-94">
         <name>TIMG7_IRQHandler</name>
         <value>0xc1</value>
         <object_component_ref idref="oc-3c"/>
      </symbol>
      <symbol id="sm-95">
         <name>Time</name>
         <value>0x20200438</value>
         <object_component_ref idref="oc-80"/>
      </symbol>
      <symbol id="sm-96">
         <name>in</name>
         <value>0x20200210</value>
      </symbol>
      <symbol id="sm-97">
         <name>out</name>
         <value>0x20200214</value>
      </symbol>
      <symbol id="sm-98">
         <name>LastIn</name>
         <value>0x202001e4</value>
      </symbol>
      <symbol id="sm-99">
         <name>LastOut</name>
         <value>0x202001e8</value>
      </symbol>
      <symbol id="sm-9a">
         <name>state</name>
         <value>0x20200218</value>
      </symbol>
      <symbol id="sm-9b">
         <name>LookingFlag</name>
         <value>0x202001f0</value>
      </symbol>
      <symbol id="sm-9c">
         <name>Patterns</name>
         <value>0x11e0</value>
         <object_component_ref idref="oc-89"/>
      </symbol>
      <symbol id="sm-9d">
         <name>LookingFor</name>
         <value>0x202001f4</value>
      </symbol>
      <symbol id="sm-9e">
         <name>NeedState</name>
         <value>0x202001f8</value>
      </symbol>
      <symbol id="sm-9f">
         <name>pat</name>
         <value>0x10a8</value>
         <object_component_ref idref="oc-8c"/>
      </symbol>
      <symbol id="sm-a0">
         <name>WrongState</name>
         <value>0x2020020c</value>
      </symbol>
      <symbol id="sm-a1">
         <name>LastState</name>
         <value>0x202001ec</value>
      </symbol>
      <symbol id="sm-a2">
         <name>Grader_Init</name>
         <value>0xecd</value>
         <object_component_ref idref="oc-db"/>
      </symbol>
      <symbol id="sm-b8">
         <name>Traffic_Init</name>
         <value>0x779</value>
         <object_component_ref idref="oc-dd"/>
      </symbol>
      <symbol id="sm-b9">
         <name>Traffic_Out</name>
         <value>0xa01</value>
         <object_component_ref idref="oc-e4"/>
      </symbol>
      <symbol id="sm-ba">
         <name>main</name>
         <value>0x6c1</value>
         <object_component_ref idref="oc-a5"/>
      </symbol>
      <symbol id="sm-bb">
         <name>EID1</name>
         <value>0x128f</value>
         <object_component_ref idref="oc-e9"/>
      </symbol>
      <symbol id="sm-bc">
         <name>EID2</name>
         <value>0x1286</value>
         <object_component_ref idref="oc-ec"/>
      </symbol>
      <symbol id="sm-dc">
         <name>TxFifo_Init</name>
         <value>0x1015</value>
         <object_component_ref idref="oc-122"/>
      </symbol>
      <symbol id="sm-dd">
         <name>TxGetI</name>
         <value>0x20200204</value>
      </symbol>
      <symbol id="sm-de">
         <name>TxPutI</name>
         <value>0x20200208</value>
      </symbol>
      <symbol id="sm-df">
         <name>TxFifo_Put</name>
         <value>0xd09</value>
         <object_component_ref idref="oc-10d"/>
      </symbol>
      <symbol id="sm-e0">
         <name>TxFifo_Get</name>
         <value>0xcbd</value>
         <object_component_ref idref="oc-b6"/>
      </symbol>
      <symbol id="sm-e1">
         <name>TxFifo_Size</name>
         <value>0xfbd</value>
         <object_component_ref idref="oc-6a"/>
      </symbol>
      <symbol id="sm-e2">
         <name>RxFifo_Init</name>
         <value>0x1001</value>
         <object_component_ref idref="oc-123"/>
      </symbol>
      <symbol id="sm-e3">
         <name>RxGetI</name>
         <value>0x202001fc</value>
      </symbol>
      <symbol id="sm-e4">
         <name>RxPutI</name>
         <value>0x20200200</value>
      </symbol>
      <symbol id="sm-e5">
         <name>RxFifo_Put</name>
         <value>0xc71</value>
         <object_component_ref idref="oc-b5"/>
      </symbol>
      <symbol id="sm-e6">
         <name>RxFifo_Size</name>
         <value>0xfa5</value>
         <object_component_ref idref="oc-b4"/>
      </symbol>
      <symbol id="sm-f9">
         <name>Delay</name>
         <value>0x105d</value>
         <object_component_ref idref="oc-13f"/>
      </symbol>
      <symbol id="sm-fa">
         <name>ActivatePortA_B</name>
         <value>0xe5d</value>
         <object_component_ref idref="oc-11e"/>
      </symbol>
      <symbol id="sm-fb">
         <name>LaunchPad_Init</name>
         <value>0x829</value>
         <object_component_ref idref="oc-d6"/>
      </symbol>
      <symbol id="sm-fc">
         <name>LaunchPad_LED1off</name>
         <value>0x1089</value>
         <object_component_ref idref="oc-dc"/>
      </symbol>
      <symbol id="sm-106">
         <name>TimerG12_Init</name>
         <value>0xa65</value>
         <object_component_ref idref="oc-125"/>
      </symbol>
      <symbol id="sm-111">
         <name>UART_OutString</name>
         <value>0xf45</value>
         <object_component_ref idref="oc-71"/>
      </symbol>
      <symbol id="sm-112">
         <name>UART_OutUDec</name>
         <value>0xe95</value>
         <object_component_ref idref="oc-76"/>
      </symbol>
      <symbol id="sm-12a">
         <name>UART_Init</name>
         <value>0x591</value>
         <object_component_ref idref="oc-de"/>
      </symbol>
      <symbol id="sm-12b">
         <name>UART_OutChar</name>
         <value>0xda1</value>
         <object_component_ref idref="oc-bb"/>
      </symbol>
      <symbol id="sm-12c">
         <name>UART0_IRQHandler</name>
         <value>0xb21</value>
         <object_component_ref idref="oc-37"/>
      </symbol>
      <symbol id="sm-13d">
         <name>Default_Handler</name>
         <value>0xf6d</value>
         <object_component_ref idref="oc-35"/>
      </symbol>
      <symbol id="sm-13e">
         <name>Reset_Handler</name>
         <value>0x109d</value>
         <object_component_ref idref="oc-31"/>
      </symbol>
      <symbol id="sm-13f">
         <name>HardFault_Handler</name>
         <value>0xf89</value>
         <object_component_ref idref="oc-36"/>
      </symbol>
      <symbol id="sm-140">
         <name>interruptVectors</name>
         <value>0x0</value>
         <object_component_ref idref="oc-18"/>
      </symbol>
      <symbol id="sm-141">
         <name>NMI_Handler</name>
         <value>0xf6d</value>
         <object_component_ref idref="oc-35"/>
      </symbol>
      <symbol id="sm-142">
         <name>SVC_Handler</name>
         <value>0xf6d</value>
         <object_component_ref idref="oc-35"/>
      </symbol>
      <symbol id="sm-143">
         <name>PendSV_Handler</name>
         <value>0xf6d</value>
         <object_component_ref idref="oc-35"/>
      </symbol>
      <symbol id="sm-144">
         <name>SysTick_Handler</name>
         <value>0xf6d</value>
         <object_component_ref idref="oc-35"/>
      </symbol>
      <symbol id="sm-145">
         <name>GROUP0_IRQHandler</name>
         <value>0xf6d</value>
         <object_component_ref idref="oc-35"/>
      </symbol>
      <symbol id="sm-146">
         <name>GROUP1_IRQHandler</name>
         <value>0xf6d</value>
         <object_component_ref idref="oc-35"/>
      </symbol>
      <symbol id="sm-147">
         <name>TIMG8_IRQHandler</name>
         <value>0xf6d</value>
         <object_component_ref idref="oc-35"/>
      </symbol>
      <symbol id="sm-148">
         <name>UART3_IRQHandler</name>
         <value>0xf6d</value>
         <object_component_ref idref="oc-35"/>
      </symbol>
      <symbol id="sm-149">
         <name>ADC0_IRQHandler</name>
         <value>0xf6d</value>
         <object_component_ref idref="oc-35"/>
      </symbol>
      <symbol id="sm-14a">
         <name>ADC1_IRQHandler</name>
         <value>0xf6d</value>
         <object_component_ref idref="oc-35"/>
      </symbol>
      <symbol id="sm-14b">
         <name>CANFD0_IRQHandler</name>
         <value>0xf6d</value>
         <object_component_ref idref="oc-35"/>
      </symbol>
      <symbol id="sm-14c">
         <name>DAC0_IRQHandler</name>
         <value>0xf6d</value>
         <object_component_ref idref="oc-35"/>
      </symbol>
      <symbol id="sm-14d">
         <name>SPI0_IRQHandler</name>
         <value>0xf6d</value>
         <object_component_ref idref="oc-35"/>
      </symbol>
      <symbol id="sm-14e">
         <name>SPI1_IRQHandler</name>
         <value>0xf6d</value>
         <object_component_ref idref="oc-35"/>
      </symbol>
      <symbol id="sm-14f">
         <name>UART1_IRQHandler</name>
         <value>0xf6d</value>
         <object_component_ref idref="oc-35"/>
      </symbol>
      <symbol id="sm-150">
         <name>UART2_IRQHandler</name>
         <value>0xf6d</value>
         <object_component_ref idref="oc-35"/>
      </symbol>
      <symbol id="sm-151">
         <name>TIMG0_IRQHandler</name>
         <value>0xf6d</value>
         <object_component_ref idref="oc-35"/>
      </symbol>
      <symbol id="sm-152">
         <name>TIMG6_IRQHandler</name>
         <value>0xf6d</value>
         <object_component_ref idref="oc-35"/>
      </symbol>
      <symbol id="sm-153">
         <name>TIMA0_IRQHandler</name>
         <value>0xf6d</value>
         <object_component_ref idref="oc-35"/>
      </symbol>
      <symbol id="sm-154">
         <name>TIMA1_IRQHandler</name>
         <value>0xf6d</value>
         <object_component_ref idref="oc-35"/>
      </symbol>
      <symbol id="sm-155">
         <name>TIMG12_IRQHandler</name>
         <value>0xf6d</value>
         <object_component_ref idref="oc-35"/>
      </symbol>
      <symbol id="sm-156">
         <name>I2C0_IRQHandler</name>
         <value>0xf6d</value>
         <object_component_ref idref="oc-35"/>
      </symbol>
      <symbol id="sm-157">
         <name>I2C1_IRQHandler</name>
         <value>0xf6d</value>
         <object_component_ref idref="oc-35"/>
      </symbol>
      <symbol id="sm-158">
         <name>AES_IRQHandler</name>
         <value>0xf6d</value>
         <object_component_ref idref="oc-35"/>
      </symbol>
      <symbol id="sm-159">
         <name>RTC_IRQHandler</name>
         <value>0xf6d</value>
         <object_component_ref idref="oc-35"/>
      </symbol>
      <symbol id="sm-15a">
         <name>DMA_IRQHandler</name>
         <value>0xf6d</value>
         <object_component_ref idref="oc-35"/>
      </symbol>
      <symbol id="sm-15b">
         <name>__TI_ATRegion0_src_addr</name>
         <value>0x0</value>
      </symbol>
      <symbol id="sm-15c">
         <name>__TI_ATRegion0_trg_addr</name>
         <value>0x0</value>
      </symbol>
      <symbol id="sm-15d">
         <name>__TI_ATRegion0_region_sz</name>
         <value>0x0</value>
      </symbol>
      <symbol id="sm-15e">
         <name>__TI_ATRegion1_src_addr</name>
         <value>0x0</value>
      </symbol>
      <symbol id="sm-15f">
         <name>__TI_ATRegion1_trg_addr</name>
         <value>0x0</value>
      </symbol>
      <symbol id="sm-160">
         <name>__TI_ATRegion1_region_sz</name>
         <value>0x0</value>
      </symbol>
      <symbol id="sm-161">
         <name>__TI_ATRegion2_src_addr</name>
         <value>0x0</value>
      </symbol>
      <symbol id="sm-162">
         <name>__TI_ATRegion2_trg_addr</name>
         <value>0x0</value>
      </symbol>
      <symbol id="sm-163">
         <name>__TI_ATRegion2_region_sz</name>
         <value>0x0</value>
      </symbol>
      <symbol id="sm-170">
         <name>abort</name>
         <value>0x10a5</value>
         <object_component_ref idref="oc-f0"/>
      </symbol>
      <symbol id="sm-171">
         <name>C$$EXIT</name>
         <value>0x10a4</value>
         <object_component_ref idref="oc-f0"/>
      </symbol>
      <symbol id="sm-17b">
         <name>_sys_memory</name>
         <value>0x20200220</value>
         <object_component_ref idref="oc-2f"/>
      </symbol>
      <symbol id="sm-185">
         <name>__TI_zero_init_nomemset</name>
         <value>0xfd5</value>
         <object_component_ref idref="oc-53"/>
      </symbol>
      <symbol id="sm-18e">
         <name>__TI_decompress_none</name>
         <value>0x103b</value>
         <object_component_ref idref="oc-20"/>
      </symbol>
      <symbol id="sm-199">
         <name>__TI_decompress_lzss</name>
         <value>0x921</value>
         <object_component_ref idref="oc-1c"/>
      </symbol>
      <symbol id="sm-1a4">
         <name>_c_int00_noargs</name>
         <value>0xf1d</value>
         <object_component_ref idref="oc-5c"/>
      </symbol>
      <symbol id="sm-1a5">
         <name>__stack</name>
         <value>0x20207e00</value>
         <object_component_ref idref="oc-1a"/>
      </symbol>
      <symbol id="sm-1b7">
         <name>__TI_auto_init_nobinit_nopinit</name>
         <value>0xe21</value>
         <object_component_ref idref="oc-f7"/>
      </symbol>
      <symbol id="sm-1bf">
         <name>_system_pre_init</name>
         <value>0x10a1</value>
         <object_component_ref idref="oc-a1"/>
      </symbol>
      <symbol id="sm-1de">
         <name>__aeabi_memcpy</name>
         <value>0x1095</value>
         <object_component_ref idref="oc-4c"/>
      </symbol>
      <symbol id="sm-1df">
         <name>__aeabi_memcpy4</name>
         <value>0x1095</value>
         <object_component_ref idref="oc-4c"/>
      </symbol>
      <symbol id="sm-1e0">
         <name>__aeabi_memcpy8</name>
         <value>0x1095</value>
         <object_component_ref idref="oc-4c"/>
      </symbol>
      <symbol id="sm-1e6">
         <name>__aeabi_uidiv</name>
         <value>0xde1</value>
         <object_component_ref idref="oc-be"/>
      </symbol>
      <symbol id="sm-1e7">
         <name>__aeabi_uidivmod</name>
         <value>0xde1</value>
         <object_component_ref idref="oc-be"/>
      </symbol>
      <symbol id="sm-1f2">
         <name>__aeabi_idiv0</name>
         <value>0xecb</value>
         <object_component_ref idref="oc-10e"/>
      </symbol>
      <symbol id="sm-1fc">
         <name>TI_memcpy_small</name>
         <value>0x1029</value>
         <object_component_ref idref="oc-c7"/>
      </symbol>
      <symbol id="sm-1fd">
         <name>__TI_static_base__</name>
         <value>0x0</value>
      </symbol>
      <symbol id="sm-200">
         <name>__mpu_init</name>
         <value>0x0</value>
      </symbol>
      <symbol id="sm-201">
         <name>_system_post_cinit</name>
         <value>0x0</value>
      </symbol>
   </symbol_table>
   <title>Link successful</title>
</link_info>
